sensor_service.c:133:12:Add_Acc_Service	80	static
sensor_service.c:173:12:Free_Fall_Notify	24	static
sensor_service.c:195:12:Acc_Update	24	static
sensor_service.c:219:12:Add_Environmental_Sensor_Service	112	static
sensor_service.c:341:12:Temp_Update	24	static
sensor_service.c:361:12:Press_Update	24	static
sensor_service.c:381:12:Humidity_Update	24	static
sensor_service.c:416:6:setConnectable	48	static
sensor_service.c:439:6:GAP_ConnectionComplete_CB	0	static
sensor_service.c:456:6:GAP_DisconnectionComplete_CB	0	static
sensor_service.c:470:6:Read_Request_CB	16	static
sensor_service.c:583:12:Add_Time_Service	80	static
sensor_service.c:640:12:Seconds_Update	24	static
sensor_service.c:672:12:Minutes_Notify	24	static
sensor_service.c:711:6:Update_Time_Characteristics	8	static
sensor_service.c:722:12:Add_LED_Service	80	static
sensor_service.c:769:6:Attribute_Modified_CB	0	static
sensor_service.c:511:6:HCI_Event_CB	0	static
