Archive member included to satisfy reference by file (symbol)

c:/program files (x86)/atollic/truestudio for stm32 9.0.0/armtools/bin/../lib/gcc/arm-atollic-eabi/6.3.1/../../../../arm-atollic-eabi/lib/armv7e-m\libc_nano.a(lib_a-init.o)
                              Application\SW4STM32\startup_stm32l476xx.o (__libc_init_array)
c:/program files (x86)/atollic/truestudio for stm32 9.0.0/armtools/bin/../lib/gcc/arm-atollic-eabi/6.3.1/../../../../arm-atollic-eabi/lib/armv7e-m\libc_nano.a(lib_a-memcpy-stub.o)
                              Middlewares\STM32_BlueNRG\Utils\osal.o (memcpy)
c:/program files (x86)/atollic/truestudio for stm32 9.0.0/armtools/bin/../lib/gcc/arm-atollic-eabi/6.3.1/../../../../arm-atollic-eabi/lib/armv7e-m\libc_nano.a(lib_a-memset.o)
                              Application\User\cube_hal_l4.o (memset)
c:/program files (x86)/atollic/truestudio for stm32 9.0.0/armtools/bin/../lib/gcc/arm-atollic-eabi/6.3.1/../../../../arm-atollic-eabi/lib/armv7e-m\libc_nano.a(lib_a-rand.o)
                              Application\User\sensor_service.o (rand)
c:/program files (x86)/atollic/truestudio for stm32 9.0.0/armtools/bin/../lib/gcc/arm-atollic-eabi/6.3.1/../../../../arm-atollic-eabi/lib/armv7e-m\libc_nano.a(lib_a-impure.o)
                              c:/program files (x86)/atollic/truestudio for stm32 9.0.0/armtools/bin/../lib/gcc/arm-atollic-eabi/6.3.1/../../../../arm-atollic-eabi/lib/armv7e-m\libc_nano.a(lib_a-rand.o) (_impure_ptr)
c:/program files (x86)/atollic/truestudio for stm32 9.0.0/armtools/bin/../lib/gcc/arm-atollic-eabi/6.3.1/../../../../arm-atollic-eabi/lib/armv7e-m\libc_nano.a(lib_a-malloc.o)
                              c:/program files (x86)/atollic/truestudio for stm32 9.0.0/armtools/bin/../lib/gcc/arm-atollic-eabi/6.3.1/../../../../arm-atollic-eabi/lib/armv7e-m\libc_nano.a(lib_a-rand.o) (malloc)
c:/program files (x86)/atollic/truestudio for stm32 9.0.0/armtools/bin/../lib/gcc/arm-atollic-eabi/6.3.1/../../../../arm-atollic-eabi/lib/armv7e-m\libc_nano.a(lib_a-nano-freer.o)
                              c:/program files (x86)/atollic/truestudio for stm32 9.0.0/armtools/bin/../lib/gcc/arm-atollic-eabi/6.3.1/../../../../arm-atollic-eabi/lib/armv7e-m\libc_nano.a(lib_a-malloc.o) (_free_r)
c:/program files (x86)/atollic/truestudio for stm32 9.0.0/armtools/bin/../lib/gcc/arm-atollic-eabi/6.3.1/../../../../arm-atollic-eabi/lib/armv7e-m\libc_nano.a(lib_a-nano-mallocr.o)
                              c:/program files (x86)/atollic/truestudio for stm32 9.0.0/armtools/bin/../lib/gcc/arm-atollic-eabi/6.3.1/../../../../arm-atollic-eabi/lib/armv7e-m\libc_nano.a(lib_a-malloc.o) (_malloc_r)
c:/program files (x86)/atollic/truestudio for stm32 9.0.0/armtools/bin/../lib/gcc/arm-atollic-eabi/6.3.1/../../../../arm-atollic-eabi/lib/armv7e-m\libc_nano.a(lib_a-sbrkr.o)
                              c:/program files (x86)/atollic/truestudio for stm32 9.0.0/armtools/bin/../lib/gcc/arm-atollic-eabi/6.3.1/../../../../arm-atollic-eabi/lib/armv7e-m\libc_nano.a(lib_a-nano-mallocr.o) (_sbrk_r)
c:/program files (x86)/atollic/truestudio for stm32 9.0.0/armtools/bin/../lib/gcc/arm-atollic-eabi/6.3.1/../../../../arm-atollic-eabi/lib/armv7e-m\libc_nano.a(lib_a-mlock.o)
                              c:/program files (x86)/atollic/truestudio for stm32 9.0.0/armtools/bin/../lib/gcc/arm-atollic-eabi/6.3.1/../../../../arm-atollic-eabi/lib/armv7e-m\libc_nano.a(lib_a-nano-freer.o) (__malloc_lock)
c:/program files (x86)/atollic/truestudio for stm32 9.0.0/armtools/bin/../lib/gcc/arm-atollic-eabi/6.3.1/../../../../arm-atollic-eabi/lib/armv7e-m\libc_nano.a(lib_a-reent.o)
                              c:/program files (x86)/atollic/truestudio for stm32 9.0.0/armtools/bin/../lib/gcc/arm-atollic-eabi/6.3.1/../../../../arm-atollic-eabi/lib/armv7e-m\libc_nano.a(lib_a-sbrkr.o) (errno)
c:/program files (x86)/atollic/truestudio for stm32 9.0.0/armtools/bin/../lib/gcc/arm-atollic-eabi/6.3.1/armv7e-m\libgcc.a(_aeabi_uldivmod.o)
                              Application\User\sensor_service.o (__aeabi_uldivmod)
c:/program files (x86)/atollic/truestudio for stm32 9.0.0/armtools/bin/../lib/gcc/arm-atollic-eabi/6.3.1/armv7e-m\libgcc.a(_udivmoddi4.o)
                              c:/program files (x86)/atollic/truestudio for stm32 9.0.0/armtools/bin/../lib/gcc/arm-atollic-eabi/6.3.1/armv7e-m\libgcc.a(_aeabi_uldivmod.o) (__udivmoddi4)
c:/program files (x86)/atollic/truestudio for stm32 9.0.0/armtools/bin/../lib/gcc/arm-atollic-eabi/6.3.1/armv7e-m\libgcc.a(_dvmd_tls.o)
                              c:/program files (x86)/atollic/truestudio for stm32 9.0.0/armtools/bin/../lib/gcc/arm-atollic-eabi/6.3.1/armv7e-m\libgcc.a(_aeabi_uldivmod.o) (__aeabi_ldiv0)
c:/program files (x86)/atollic/truestudio for stm32 9.0.0/armtools/bin/../lib/gcc/arm-atollic-eabi/6.3.1/../../../../arm-atollic-eabi/lib/armv7e-m\libnosys.a(sbrk.o)
[...]
Memory Configuration

Name             Origin             Length             Attributes
RAM              0x20000000         0x00018000         xrw
ROM              0x08000000         0x00100000         xr
*default*        0x00000000         0xffffffff

Linker script and memory map

LOAD c:/program files (x86)/atollic/truestudio for stm32 9.0.0/armtools/bin/../lib/gcc/arm-atollic-eabi/6.3.1/armv7e-m/crti.o
LOAD c:/program files (x86)/atollic/truestudio for stm32 9.0.0/armtools/bin/../lib/gcc/arm-atollic-eabi/6.3.1/armv7e-m/crtbegin.o
LOAD Application\SW4STM32\startup_stm32l476xx.o
LOAD Application\User\bluenrg_interface.o
LOAD Application\User\cube_hal_l4.o
LOAD Application\User\main.o
LOAD Application\User\sensor_service.o
LOAD Application\User\stm32l4xx_hal_msp.o
LOAD Application\User\stm32xx_it.o
LOAD Drivers\BSP\STM32L4xx_Nucleo\stm32l4xx_nucleo.o
LOAD Drivers\BSP\X-NUCLEO-IDB0xA1\stm32_bluenrg_ble.o
LOAD Drivers\CMSIS\system_stm32l4xx.o
LOAD Drivers\STM32L4xx_HAL_Driver\stm32l4xx_hal.o
LOAD Drivers\STM32L4xx_HAL_Driver\stm32l4xx_hal_adc.o
LOAD Drivers\STM32L4xx_HAL_Driver\stm32l4xx_hal_adc_ex.o
LOAD Drivers\STM32L4xx_HAL_Driver\stm32l4xx_hal_cortex.o
LOAD Drivers\STM32L4xx_HAL_Driver\stm32l4xx_hal_dma.o
LOAD Drivers\STM32L4xx_HAL_Driver\stm32l4xx_hal_flash.o
LOAD Drivers\STM32L4xx_HAL_Driver\stm32l4xx_hal_flash_ex.o
LOAD Drivers\STM32L4xx_HAL_Driver\stm32l4xx_hal_gpio.o
LOAD Drivers\STM32L4xx_HAL_Driver\stm32l4xx_hal_pwr.o
LOAD Drivers\STM32L4xx_HAL_Driver\stm32l4xx_hal_pwr_ex.o
LOAD Drivers\STM32L4xx_HAL_Driver\stm32l4xx_hal_rcc.o
LOAD Drivers\STM32L4xx_HAL_Driver\stm32l4xx_hal_rcc_ex.o
LOAD Drivers\STM32L4xx_HAL_Driver\stm32l4xx_hal_spi.o
LOAD Middlewares\STM32_BlueNRG\HCI\controller\bluenrg_gap_aci.o
LOAD Middlewares\STM32_BlueNRG\HCI\controller\bluenrg_gatt_aci.o
LOAD Middlewares\STM32_BlueNRG\HCI\controller\bluenrg_hal_aci.o
LOAD Middlewares\STM32_BlueNRG\HCI\controller\bluenrg_l2cap_aci.o
LOAD Middlewares\STM32_BlueNRG\HCI\controller\bluenrg_utils_small.o
LOAD Middlewares\STM32_BlueNRG\HCI\hci.o
LOAD Middlewares\STM32_BlueNRG\HCI\hci_le.o
LOAD Middlewares\STM32_BlueNRG\Interface\bluenrg_itf.o
LOAD Middlewares\STM32_BlueNRG\Utils\ble_list.o
LOAD Middlewares\STM32_BlueNRG\Utils\gp_timer.o
LOAD Middlewares\STM32_BlueNRG\Utils\osal.o
                0x00000080                malloc_getpagesize_P = 0x80
START GROUP
LOAD c:/program files (x86)/atollic/truestudio for stm32 9.0.0/armtools/bin/../lib/gcc/arm-atollic-eabi/6.3.1/../../../../arm-atollic-eabi/lib/armv7e-m\libc_nano.a
LOAD c:/program files (x86)/atollic/truestudio for stm32 9.0.0/armtools/bin/../lib/gcc/arm-atollic-eabi/6.3.1/../../../../arm-atollic-eabi/lib/armv7e-m\libm.a
END GROUP
START GROUP
LOAD c:/program files (x86)/atollic/truestudio for stm32 9.0.0/armtools/bin/../lib/gcc/arm-atollic-eabi/6.3.1/armv7e-m\libgcc.a
LOAD c:/program files (x86)/atollic/truestudio for stm32 9.0.0/armtools/bin/../lib/gcc/arm-atollic-eabi/6.3.1/../../../../arm-atollic-eabi/lib/armv7e-m\libc_nano.a
END GROUP
START GROUP
LOAD c:/program files (x86)/atollic/truestudio for stm32 9.0.0/armtools/bin/../lib/gcc/arm-atollic-eabi/6.3.1/armv7e-m\libgcc.a
LOAD c:/program files (x86)/atollic/truestudio for stm32 9.0.0/armtools/bin/../lib/gcc/arm-atollic-eabi/6.3.1/../../../../arm-atollic-eabi/lib/armv7e-m\libc_nano.a
LOAD c:/program files (x86)/atollic/truestudio for stm32 9.0.0/armtools/bin/../lib/gcc/arm-atollic-eabi/6.3.1/../../../../arm-atollic-eabi/lib/armv7e-m\libnosys.a
END GROUP
START GROUP
LOAD c:/program files (x86)/atollic/truestudio for stm32 9.0.0/armtools/bin/../lib/gcc/arm-atollic-eabi/6.3.1/armv7e-m\libgcc.a
LOAD c:/program files (x86)/atollic/truestudio for stm32 9.0.0/armtools/bin/../lib/gcc/arm-atollic-eabi/6.3.1/../../../../arm-atollic-eabi/lib/armv7e-m\libc_nano.a
LOAD c:/program files (x86)/atollic/truestudio for stm32 9.0.0/armtools/bin/../lib/gcc/arm-atollic-eabi/6.3.1/../../../../arm-atollic-eabi/lib/armv7e-m\libnosys.a
END GROUP
LOAD c:/program files (x86)/atollic/truestudio for stm32 9.0.0/armtools/bin/../lib/gcc/arm-atollic-eabi/6.3.1/armv7e-m/crtend.o
LOAD c:/program files (x86)/atollic/truestudio for stm32 9.0.0/armtools/bin/../lib/gcc/arm-atollic-eabi/6.3.1/armv7e-m/crtn.o
                0x20018000                _estack = 0x20018000
                0x00000000                _Min_Heap_Size = 0x0
                0x00000400                _Min_Stack_Size = 0x400

.isr_vector     0x08000000      0x188
                0x08000000                . = ALIGN (0x8)
 *(.isr_vector)
 .isr_vector    0x08000000      0x188 Application\SW4STM32\startup_stm32l476xx.o
                0x08000000                g_pfnVectors
                0x08000188                . = ALIGN (0x8)

.text           0x08000188     0x31a8
                0x08000188                . = ALIGN (0x8)
 *(.text)
 .text          0x08000188       0x40 c:/program files (x86)/atollic/truestudio for stm32 9.0.0/armtools/bin/../lib/gcc/arm-atollic-eabi/6.3.1/armv7e-m/crtbegin.o
 .text          0x080001c8       0x30 c:/program files (x86)/atollic/truestudio for stm32 9.0.0/armtools/bin/../lib/gcc/arm-atollic-eabi/6.3.1/armv7e-m\libgcc.a(_aeabi_uldivmod.o)
                0x080001c8                __aeabi_uldivmod
 .text          0x080001f8      0x2dc c:/program files (x86)/atollic/truestudio for stm32 9.0.0/armtools/bin/../lib/gcc/arm-atollic-eabi/6.3.1/armv7e-m\libgcc.a(_udivmoddi4.o)
                0x080001f8                __udivmoddi4
 .text          0x080004d4        0x4 c:/program files (x86)/atollic/truestudio for stm32 9.0.0/armtools/bin/../lib/gcc/arm-atollic-eabi/6.3.1/armv7e-m\libgcc.a(_dvmd_tls.o)
                0x080004d4                __aeabi_idiv0
                0x080004d4                __aeabi_ldiv0
 *(.text*)
 .text.Reset_Handler
                0x080004d8       0x50 Application\SW4STM32\startup_stm32l476xx.o
                0x080004d8                Reset_Handler
 .text.Default_Handler
                0x08000528        0x2 Application\SW4STM32\startup_stm32l476xx.o
                0x08000528                RTC_Alarm_IRQHandler
                0x08000528                EXTI2_IRQHandler
                0x08000528                TIM8_TRG_COM_IRQHandler
                0x08000528                TIM8_CC_IRQHandler
                0x08000528                TIM1_CC_IRQHandler
                0x08000528                TSC_IRQHandler
                0x08000528                TAMP_STAMP_IRQHandler
                0x08000528                EXTI3_IRQHandler
                0x08000528                LPTIM2_IRQHandler
                0x08000528                DFSDM1_FLT1_IRQHandler
                0x08000528                I2C3_ER_IRQHandler
                0x08000528                DFSDM1_FLT2_IRQHandler
                0x08000528                I2C2_EV_IRQHandler
                0x08000528                CAN1_RX0_IRQHandler
                0x08000528                FPU_IRQHandler
                0x08000528                TIM1_UP_TIM16_IRQHandler
                0x08000528                UsageFault_Handler
                0x08000528                ADC1_2_IRQHandler
                0x08000528                SPI1_IRQHandler
                0x08000528                TIM6_DAC_IRQHandler
                0x08000528                TIM8_UP_IRQHandler
                0x08000528                DMA2_Channel2_IRQHandler
                0x08000528                DMA1_Channel4_IRQHandler
                0x08000528                SAI2_IRQHandler
                0x08000528                DFSDM1_FLT3_IRQHandler
                0x08000528                USART3_IRQHandler
                0x08000528                DMA1_Channel7_IRQHandler
                0x08000528                CAN1_RX1_IRQHandler
                0x08000528                LCD_IRQHandler
                0x08000528                UART5_IRQHandler
                0x08000528                ADC3_IRQHandler
                0x08000528                TIM4_IRQHandler
                0x08000528                DMA2_Channel1_IRQHandler
                0x08000528                QUADSPI_IRQHandler
                0x08000528                I2C1_EV_IRQHandler
                0x08000528                DMA1_Channel6_IRQHandler
                0x08000528                UART4_IRQHandler
                0x08000528                DMA2_Channel4_IRQHandler
                0x08000528                TIM3_IRQHandler
                0x08000528                RCC_IRQHandler
                0x08000528                DMA1_Channel1_IRQHandler
                0x08000528                Default_Handler
                0x08000528                DMA2_Channel7_IRQHandler
                0x08000528                TIM7_IRQHandler
                0x08000528                SDMMC1_IRQHandler
                0x08000528                TIM5_IRQHandler
                0x08000528                I2C3_EV_IRQHandler
                0x08000528                EXTI9_5_IRQHandler
                0x08000528                RTC_WKUP_IRQHandler
                0x08000528                PVD_PVM_IRQHandler
                0x08000528                SPI2_IRQHandler
                0x08000528                MemManage_Handler
                0x08000528                CAN1_TX_IRQHandler
                0x08000528                DMA2_Channel5_IRQHandler
                0x08000528                DMA1_Channel5_IRQHandler
                0x08000528                EXTI4_IRQHandler
                0x08000528                RNG_IRQHandler
                0x08000528                TIM1_TRG_COM_TIM17_IRQHandler
                0x08000528                DMA1_Channel3_IRQHandler
                0x08000528                COMP_IRQHandler
                0x08000528                WWDG_IRQHandler
                0x08000528                LPUART1_IRQHandler
                0x08000528                DMA2_Channel6_IRQHandler
                0x08000528                TIM2_IRQHandler
                0x08000528                EXTI1_IRQHandler
                0x08000528                USART2_IRQHandler
                0x08000528                DFSDM1_FLT0_IRQHandler
                0x08000528                I2C2_ER_IRQHandler
                0x08000528                DMA1_Channel2_IRQHandler
                0x08000528                TIM8_BRK_IRQHandler
                0x08000528                CAN1_SCE_IRQHandler
                0x08000528                FLASH_IRQHandler
                0x08000528                BusFault_Handler
                0x08000528                USART1_IRQHandler
                0x08000528                OTG_FS_IRQHandler
                0x08000528                SPI3_IRQHandler
                0x08000528                I2C1_ER_IRQHandler
                0x08000528                FMC_IRQHandler
                0x08000528                SWPMI1_IRQHandler
                0x08000528                LPTIM1_IRQHandler
                0x08000528                SAI1_IRQHandler
                0x08000528                DMA2_Channel3_IRQHandler
                0x08000528                TIM1_BRK_TIM15_IRQHandler
 .text.HAL_GPIO_EXTI_Callback
                0x0800052a        0x4 Application\User\bluenrg_interface.o
                0x0800052a                HAL_GPIO_EXTI_Callback
 .text.SystemClock_Config
                0x0800052e       0x62 Application\User\cube_hal_l4.o
                0x0800052e                SystemClock_Config
 .text.User_Process
                0x08000590       0x50 Application\User\main.o
                0x08000590                User_Process
 .text.startup.main
                0x080005e0      0x108 Application\User\main.o
                0x080005e0                main
 .text.Add_Acc_Service
                0x080006e8      0x188 Application\User\sensor_service.o
                0x080006e8                Add_Acc_Service
 .text.Acc_Update
                0x08000870       0x50 Application\User\sensor_service.o
                0x08000870                Acc_Update
 .text.Add_Environmental_Sensor_Service
                0x080008c0      0x358 Application\User\sensor_service.o
                0x080008c0                Add_Environmental_Sensor_Service
 .text.Temp_Update
                0x08000c18       0x30 Application\User\sensor_service.o
                0x08000c18                Temp_Update
 .text.Press_Update
                0x08000c48       0x30 Application\User\sensor_service.o
                0x08000c48                Press_Update
 .text.Humidity_Update
                0x08000c78       0x30 Application\User\sensor_service.o
                0x08000c78                Humidity_Update
 .text.setConnectable
                0x08000ca8       0x40 Application\User\sensor_service.o
                0x08000ca8                setConnectable
 .text.GAP_DisconnectionComplete_CB
                0x08000ce8       0x18 Application\User\sensor_service.o
                0x08000ce8                GAP_DisconnectionComplete_CB
 .text.Read_Request_CB
                0x08000d00       0xd0 Application\User\sensor_service.o
                0x08000d00                Read_Request_CB
 .text.Add_Time_Service
                0x08000dd0      0x1a8 Application\User\sensor_service.o
                0x08000dd0                Add_Time_Service
 .text.Seconds_Update
                0x08000f78       0x4c Application\User\sensor_service.o
                0x08000f78                Seconds_Update
 .text.Minutes_Notify
                0x08000fc4       0x60 Application\User\sensor_service.o
                0x08000fc4                Minutes_Notify
 .text.Update_Time_Characteristics
                0x08001024        0xe Application\User\sensor_service.o
                0x08001024                Update_Time_Characteristics
 *fill*         0x08001032        0x2 
 .text.Add_LED_Service
                0x08001034      0x120 Application\User\sensor_service.o
                0x08001034                Add_LED_Service
 .text.Attribute_Modified_CB
                0x08001154       0x18 Application\User\sensor_service.o
                0x08001154                Attribute_Modified_CB
 .text.HCI_Event_CB
                0x0800116c       0x70 Application\User\sensor_service.o
                0x0800116c                HCI_Event_CB
 .text.HAL_SPI_MspInit
                0x080011dc      0x160 Application\User\stm32l4xx_hal_msp.o
                0x080011dc                HAL_SPI_MspInit
 .text.NMI_Handler
                0x0800133c        0x2 Application\User\stm32xx_it.o
                0x0800133c                NMI_Handler
 .text.HardFault_Handler
                0x0800133e        0x2 Application\User\stm32xx_it.o
                0x0800133e                HardFault_Handler
 .text.SVC_Handler
                0x08001340        0x2 Application\User\stm32xx_it.o
                0x08001340                SVC_Handler
 .text.DebugMon_Handler
                0x08001342        0x2 Application\User\stm32xx_it.o
                0x08001342                DebugMon_Handler
 .text.PendSV_Handler
                0x08001344        0x2 Application\User\stm32xx_it.o
                0x08001344                PendSV_Handler
 *fill*         0x08001346        0x2 
 .text.SysTick_Handler
                0x08001348       0x14 Application\User\stm32xx_it.o
                0x08001348                SysTick_Handler
 .text.EXTI0_IRQHandler
                0x0800135c        0x6 Application\User\stm32xx_it.o
                0x0800135c                EXTI0_IRQHandler
 *fill*         0x08001362        0x2 
 .text.EXTI15_10_IRQHandler
                0x08001364       0x18 Application\User\stm32xx_it.o
                0x08001364                EXTI15_10_IRQHandler
 .text.BSP_LED_Init
                0x0800137c       0x4c Drivers\BSP\STM32L4xx_Nucleo\stm32l4xx_nucleo.o
                0x0800137c                BSP_LED_Init
 .text.BSP_LED_Toggle
                0x080013c8       0x14 Drivers\BSP\STM32L4xx_Nucleo\stm32l4xx_nucleo.o
                0x080013c8                BSP_LED_Toggle
 .text.BSP_PB_Init
                0x080013dc       0x84 Drivers\BSP\STM32L4xx_Nucleo\stm32l4xx_nucleo.o
                0x080013dc                BSP_PB_Init
 .text.BSP_PB_GetState
                0x08001460       0x18 Drivers\BSP\STM32L4xx_Nucleo\stm32l4xx_nucleo.o
                0x08001460                BSP_PB_GetState
 .text.BNRG_SPI_Init
                0x08001478       0x3c Drivers\BSP\X-NUCLEO-IDB0xA1\stm32_bluenrg_ble.o
                0x08001478                BNRG_SPI_Init
 .text.BlueNRG_RST
                0x080014b4       0x2e Drivers\BSP\X-NUCLEO-IDB0xA1\stm32_bluenrg_ble.o
                0x080014b4                BlueNRG_RST
 .text.BlueNRG_DataPresent
                0x080014e2       0x14 Drivers\BSP\X-NUCLEO-IDB0xA1\stm32_bluenrg_ble.o
                0x080014e2                BlueNRG_DataPresent
 *fill*         0x080014f6        0x2 
 .text.BlueNRG_SPI_Read_All
                0x080014f8       0xbc Drivers\BSP\X-NUCLEO-IDB0xA1\stm32_bluenrg_ble.o
                0x080014f8                BlueNRG_SPI_Read_All
 .text.Enable_SPI_IRQ
                0x080015b4        0x6 Drivers\BSP\X-NUCLEO-IDB0xA1\stm32_bluenrg_ble.o
                0x080015b4                Enable_SPI_IRQ
 .text.Disable_SPI_IRQ
                0x080015ba        0x6 Drivers\BSP\X-NUCLEO-IDB0xA1\stm32_bluenrg_ble.o
                0x080015ba                Disable_SPI_IRQ
 .text.BlueNRG_SPI_Write
                0x080015c0       0xbc Drivers\BSP\X-NUCLEO-IDB0xA1\stm32_bluenrg_ble.o
                0x080015c0                BlueNRG_SPI_Write
 .text.Hal_Write_Serial
                0x0800167c       0x32 Drivers\BSP\X-NUCLEO-IDB0xA1\stm32_bluenrg_ble.o
                0x0800167c                Hal_Write_Serial
 *fill*         0x080016ae        0x2 
 .text.Clear_SPI_EXTI_Flag
                0x080016b0        0xc Drivers\BSP\X-NUCLEO-IDB0xA1\stm32_bluenrg_ble.o
                0x080016b0                Clear_SPI_EXTI_Flag
 .text.SystemInit
                0x080016bc       0x3c Drivers\CMSIS\system_stm32l4xx.o
                0x080016bc                SystemInit
 .text.HAL_MspInit
                0x080016f8        0x2 Drivers\STM32L4xx_HAL_Driver\stm32l4xx_hal.o
                0x080016f8                HAL_MspInit
 *fill*         0x080016fa        0x2 
 .text.HAL_InitTick
                0x080016fc       0x28 Drivers\STM32L4xx_HAL_Driver\stm32l4xx_hal.o
                0x080016fc                HAL_InitTick
 .text.HAL_Init
                0x08001724       0x16 Drivers\STM32L4xx_HAL_Driver\stm32l4xx_hal.o
                0x08001724                HAL_Init
 *fill*         0x0800173a        0x2 
 .text.HAL_IncTick
                0x0800173c       0x10 Drivers\STM32L4xx_HAL_Driver\stm32l4xx_hal.o
                0x0800173c                HAL_IncTick
 .text.HAL_GetTick
                0x0800174c        0xc Drivers\STM32L4xx_HAL_Driver\stm32l4xx_hal.o
                0x0800174c                HAL_GetTick
 .text.HAL_Delay
                0x08001758       0x1c Drivers\STM32L4xx_HAL_Driver\stm32l4xx_hal.o
                0x08001758                HAL_Delay
 .text.HAL_NVIC_SetPriorityGrouping
                0x08001774       0x24 Drivers\STM32L4xx_HAL_Driver\stm32l4xx_hal_cortex.o
                0x08001774                HAL_NVIC_SetPriorityGrouping
 .text.HAL_NVIC_SetPriority
                0x08001798       0x68 Drivers\STM32L4xx_HAL_Driver\stm32l4xx_hal_cortex.o
                0x08001798                HAL_NVIC_SetPriority
 .text.HAL_NVIC_EnableIRQ
                0x08001800       0x18 Drivers\STM32L4xx_HAL_Driver\stm32l4xx_hal_cortex.o
                0x08001800                HAL_NVIC_EnableIRQ
 .text.HAL_NVIC_DisableIRQ
                0x08001818       0x1c Drivers\STM32L4xx_HAL_Driver\stm32l4xx_hal_cortex.o
                0x08001818                HAL_NVIC_DisableIRQ
 .text.HAL_SYSTICK_Config
                0x08001834       0x2c Drivers\STM32L4xx_HAL_Driver\stm32l4xx_hal_cortex.o
                0x08001834                HAL_SYSTICK_Config
 .text.HAL_GPIO_Init
                0x08001860      0x1b8 Drivers\STM32L4xx_HAL_Driver\stm32l4xx_hal_gpio.o
                0x08001860                HAL_GPIO_Init
 .text.HAL_GPIO_ReadPin
                0x08001a18        0xc Drivers\STM32L4xx_HAL_Driver\stm32l4xx_hal_gpio.o
                0x08001a18                HAL_GPIO_ReadPin
 .text.HAL_GPIO_WritePin
                0x08001a24        0xa Drivers\STM32L4xx_HAL_Driver\stm32l4xx_hal_gpio.o
                0x08001a24                HAL_GPIO_WritePin
 .text.HAL_GPIO_TogglePin
                0x08001a2e        0x8 Drivers\STM32L4xx_HAL_Driver\stm32l4xx_hal_gpio.o
                0x08001a2e                HAL_GPIO_TogglePin
 *fill*         0x08001a36        0x2 
 .text.HAL_GPIO_EXTI_IRQHandler
                0x08001a38       0x18 Drivers\STM32L4xx_HAL_Driver\stm32l4xx_hal_gpio.o
                0x08001a38                HAL_GPIO_EXTI_IRQHandler
 .text.HAL_PWREx_GetVoltageRange
                0x08001a50       0x10 Drivers\STM32L4xx_HAL_Driver\stm32l4xx_hal_pwr_ex.o
                0x08001a50                HAL_PWREx_GetVoltageRange
 .text.RCC_SetFlashLatencyFromMSIRange
                0x08001a60       0x84 Drivers\STM32L4xx_HAL_Driver\stm32l4xx_hal_rcc.o
 .text.HAL_RCC_GetSysClockFreq
                0x08001ae4       0xd0 Drivers\STM32L4xx_HAL_Driver\stm32l4xx_hal_rcc.o
                0x08001ae4                HAL_RCC_GetSysClockFreq
 .text.HAL_RCC_OscConfig
                0x08001bb4      0x464 Drivers\STM32L4xx_HAL_Driver\stm32l4xx_hal_rcc.o
                0x08001bb4                HAL_RCC_OscConfig
 .text.HAL_RCC_ClockConfig
                0x08002018      0x16c Drivers\STM32L4xx_HAL_Driver\stm32l4xx_hal_rcc.o
                0x08002018                HAL_RCC_ClockConfig
 .text.SPI_WaitFifoStateUntilTimeout.part.1
                0x08002184       0x50 Drivers\STM32L4xx_HAL_Driver\stm32l4xx_hal_spi.o
 .text.SPI_WaitFlagStateUntilTimeout.constprop.10
                0x080021d4       0x30 Drivers\STM32L4xx_HAL_Driver\stm32l4xx_hal_spi.o
 .text.SPI_WaitFifoStateUntilTimeout.constprop.11
                0x08002204       0x40 Drivers\STM32L4xx_HAL_Driver\stm32l4xx_hal_spi.o
 .text.SPI_EndRxTxTransaction
                0x08002244       0x44 Drivers\STM32L4xx_HAL_Driver\stm32l4xx_hal_spi.o
 .text.HAL_SPI_Init
                0x08002288       0xa2 Drivers\STM32L4xx_HAL_Driver\stm32l4xx_hal_spi.o
                0x08002288                HAL_SPI_Init
 .text.HAL_SPI_TransmitReceive
                0x0800232a      0x244 Drivers\STM32L4xx_HAL_Driver\stm32l4xx_hal_spi.o
                0x0800232a                HAL_SPI_TransmitReceive
 .text.aci_gap_init_IDB05A1
                0x0800256e       0x7e Middlewares\STM32_BlueNRG\HCI\controller\bluenrg_gap_aci.o
                0x0800256e                aci_gap_init_IDB05A1
 .text.aci_gap_init_IDB04A1
                0x080025ec       0x76 Middlewares\STM32_BlueNRG\HCI\controller\bluenrg_gap_aci.o
                0x080025ec                aci_gap_init_IDB04A1
 .text.aci_gap_set_discoverable
                0x08002662       0xd2 Middlewares\STM32_BlueNRG\HCI\controller\bluenrg_gap_aci.o
                0x08002662                aci_gap_set_discoverable
 .text.aci_gap_set_auth_requirement
                0x08002734       0x7c Middlewares\STM32_BlueNRG\HCI\controller\bluenrg_gap_aci.o
                0x08002734                aci_gap_set_auth_requirement
 .text.aci_gatt_init
                0x080027b0       0x3e Middlewares\STM32_BlueNRG\HCI\controller\bluenrg_gatt_aci.o
                0x080027b0                aci_gatt_init
 .text.aci_gatt_add_serv
                0x080027ee       0x86 Middlewares\STM32_BlueNRG\HCI\controller\bluenrg_gatt_aci.o
                0x080027ee                aci_gatt_add_serv
 .text.aci_gatt_add_char
                0x08002874       0xc8 Middlewares\STM32_BlueNRG\HCI\controller\bluenrg_gatt_aci.o
                0x08002874                aci_gatt_add_char
 .text.aci_gatt_add_char_desc
                0x0800293c      0x114 Middlewares\STM32_BlueNRG\HCI\controller\bluenrg_gatt_aci.o
                0x0800293c                aci_gatt_add_char_desc
 .text.aci_gatt_update_char_value
                0x08002a50       0x88 Middlewares\STM32_BlueNRG\HCI\controller\bluenrg_gatt_aci.o
                0x08002a50                aci_gatt_update_char_value
 .text.aci_gatt_allow_read
                0x08002ad8       0x4a Middlewares\STM32_BlueNRG\HCI\controller\bluenrg_gatt_aci.o
                0x08002ad8                aci_gatt_allow_read
 .text.aci_hal_write_config_data
                0x08002b22       0x64 Middlewares\STM32_BlueNRG\HCI\controller\bluenrg_hal_aci.o
                0x08002b22                aci_hal_write_config_data
 .text.aci_hal_set_tx_power_level
                0x08002b86       0x4c Middlewares\STM32_BlueNRG\HCI\controller\bluenrg_hal_aci.o
                0x08002b86                aci_hal_set_tx_power_level
 .text.getBlueNRGVersion
                0x08002bd2       0x46 Middlewares\STM32_BlueNRG\HCI\controller\bluenrg_utils_small.o
                0x08002bd2                getBlueNRGVersion
 .text.move_list.constprop.1
                0x08002c18       0x28 Middlewares\STM32_BlueNRG\HCI\hci.o
 .text.HCI_Init
                0x08002c40       0x34 Middlewares\STM32_BlueNRG\HCI\hci.o
                0x08002c40                HCI_Init
 .text.HCI_verify
                0x08002c74       0x1c Middlewares\STM32_BlueNRG\HCI\hci.o
                0x08002c74                HCI_verify
 .text.HCI_Queue_Empty
                0x08002c90        0xc Middlewares\STM32_BlueNRG\HCI\hci.o
                0x08002c90                HCI_Queue_Empty
 .text.HCI_Isr  0x08002c9c       0x68 Middlewares\STM32_BlueNRG\HCI\hci.o
                0x08002c9c                HCI_Isr
 .text.HCI_Process
                0x08002d04       0x58 Middlewares\STM32_BlueNRG\HCI\hci.o
                0x08002d04                HCI_Process
 .text.hci_send_cmd
                0x08002d5c       0x3a Middlewares\STM32_BlueNRG\HCI\hci.o
                0x08002d5c                hci_send_cmd
 *fill*         0x08002d96        0x2 
 .text.hci_send_req
                0x08002d98      0x178 Middlewares\STM32_BlueNRG\HCI\hci.o
                0x08002d98                hci_send_req
 .text.hci_le_read_local_version
                0x08002f10       0x82 Middlewares\STM32_BlueNRG\HCI\hci_le.o
                0x08002f10                hci_le_read_local_version
 .text.hci_le_set_scan_resp_data
                0x08002f92       0x66 Middlewares\STM32_BlueNRG\HCI\hci_le.o
                0x08002f92                hci_le_set_scan_resp_data
 .text.list_init_head
                0x08002ff8        0x6 Middlewares\STM32_BlueNRG\Utils\ble_list.o
                0x08002ff8                list_init_head
 .text.list_is_empty
                0x08002ffe       0x14 Middlewares\STM32_BlueNRG\Utils\ble_list.o
                0x08002ffe                list_is_empty
 .text.list_insert_head
                0x08003012       0x18 Middlewares\STM32_BlueNRG\Utils\ble_list.o
                0x08003012                list_insert_head
 .text.list_insert_tail
                0x0800302a       0x18 Middlewares\STM32_BlueNRG\Utils\ble_list.o
                0x0800302a                list_insert_tail
 .text.list_remove_node
                0x08003042       0x16 Middlewares\STM32_BlueNRG\Utils\ble_list.o
                0x08003042                list_remove_node
 .text.list_remove_head
                0x08003058       0x24 Middlewares\STM32_BlueNRG\Utils\ble_list.o
                0x08003058                list_remove_head
 .text.list_remove_tail
                0x0800307c       0x24 Middlewares\STM32_BlueNRG\Utils\ble_list.o
                0x0800307c                list_remove_tail
 .text.list_get_size
                0x080030a0       0x1c Middlewares\STM32_BlueNRG\Utils\ble_list.o
                0x080030a0                list_get_size
 .text.Timer_Set
                0x080030bc        0xe Middlewares\STM32_BlueNRG\Utils\gp_timer.o
                0x080030bc                Timer_Set
 .text.Timer_Expired
                0x080030ca       0x1c Middlewares\STM32_BlueNRG\Utils\gp_timer.o
                0x080030ca                Timer_Expired
 .text.Osal_MemCpy
                0x080030e6       0x20 Middlewares\STM32_BlueNRG\Utils\osal.o
                0x080030e6                Osal_MemCpy
 .text.Osal_MemSet
                0x08003106       0x20 Middlewares\STM32_BlueNRG\Utils\osal.o
                0x08003106                Osal_MemSet
 *fill*         0x08003126        0x2 
 .text.__libc_init_array
                0x08003128       0x48 c:/program files (x86)/atollic/truestudio for stm32 9.0.0/armtools/bin/../lib/gcc/arm-atollic-eabi/6.3.1/../../../../arm-atollic-eabi/lib/armv7e-m\libc_nano.a(lib_a-init.o)
                0x08003128                __libc_init_array
 .text.memcpy   0x08003170       0x16 c:/program files (x86)/atollic/truestudio for stm32 9.0.0/armtools/bin/../lib/gcc/arm-atollic-eabi/6.3.1/../../../../arm-atollic-eabi/lib/armv7e-m\libc_nano.a(lib_a-memcpy-stub.o)
                0x08003170                memcpy
 .text.memset   0x08003186       0x10 c:/program files (x86)/atollic/truestudio for stm32 9.0.0/armtools/bin/../lib/gcc/arm-atollic-eabi/6.3.1/../../../../arm-atollic-eabi/lib/armv7e-m\libc_nano.a(lib_a-memset.o)
                0x08003186                memset
 *fill*         0x08003196        0x2 
 .text.rand     0x08003198       0x74 c:/program files (x86)/atollic/truestudio for stm32 9.0.0/armtools/bin/../lib/gcc/arm-atollic-eabi/6.3.1/../../../../arm-atollic-eabi/lib/armv7e-m\libc_nano.a(lib_a-rand.o)
                0x08003198                rand
 .text.malloc   0x0800320c       0x10 c:/program files (x86)/atollic/truestudio for stm32 9.0.0/armtools/bin/../lib/gcc/arm-atollic-eabi/6.3.1/../../../../arm-atollic-eabi/lib/armv7e-m\libc_nano.a(lib_a-malloc.o)
                0x0800320c                malloc
 .text._malloc_r
                0x0800321c       0xbc c:/program files (x86)/atollic/truestudio for stm32 9.0.0/armtools/bin/../lib/gcc/arm-atollic-eabi/6.3.1/../../../../arm-atollic-eabi/lib/armv7e-m\libc_nano.a(lib_a-nano-mallocr.o)
                0x0800321c                _malloc_r
 .text._sbrk_r  0x080032d8       0x20 c:/program files (x86)/atollic/truestudio for stm32 9.0.0/armtools/bin/../lib/gcc/arm-atollic-eabi/6.3.1/../../../../arm-atollic-eabi/lib/armv7e-m\libc_nano.a(lib_a-sbrkr.o)
                0x080032d8                _sbrk_r
 .text.__malloc_lock
                0x080032f8        0x2 c:/program files (x86)/atollic/truestudio for stm32 9.0.0/armtools/bin/../lib/gcc/arm-atollic-eabi/6.3.1/../../../../arm-atollic-eabi/lib/armv7e-m\libc_nano.a(lib_a-mlock.o)
                0x080032f8                __malloc_lock
 .text.__malloc_unlock
                0x080032fa        0x2 c:/program files (x86)/atollic/truestudio for stm32 9.0.0/armtools/bin/../lib/gcc/arm-atollic-eabi/6.3.1/../../../../arm-atollic-eabi/lib/armv7e-m\libc_nano.a(lib_a-mlock.o)
                0x080032fa                __malloc_unlock
 .text._sbrk    0x080032fc       0x1c c:/program files (x86)/atollic/truestudio for stm32 9.0.0/armtools/bin/../lib/gcc/arm-atollic-eabi/6.3.1/../../../../arm-atollic-eabi/lib/armv7e-m\libnosys.a(sbrk.o)
                0x080032fc                _sbrk
 *(.glue_7)
 .glue_7        0x08003318        0x0 linker stubs
 *(.glue_7t)
 .glue_7t       0x08003318        0x0 linker stubs
 *(.eh_frame)
 .eh_frame      0x08003318        0x0 c:/program files (x86)/atollic/truestudio for stm32 9.0.0/armtools/bin/../lib/gcc/arm-atollic-eabi/6.3.1/armv7e-m/crtbegin.o
 *(.init)
 .init          0x08003318        0x4 c:/program files (x86)/atollic/truestudio for stm32 9.0.0/armtools/bin/../lib/gcc/arm-atollic-eabi/6.3.1/armv7e-m/crti.o
                0x08003318                _init
 .init          0x0800331c        0x8 c:/program files (x86)/atollic/truestudio for stm32 9.0.0/armtools/bin/../lib/gcc/arm-atollic-eabi/6.3.1/armv7e-m/crtn.o
 *(.fini)
 .fini          0x08003324        0x4 c:/program files (x86)/atollic/truestudio for stm32 9.0.0/armtools/bin/../lib/gcc/arm-atollic-eabi/6.3.1/armv7e-m/crti.o
                0x08003324                _fini
 .fini          0x08003328        0x8 c:/program files (x86)/atollic/truestudio for stm32 9.0.0/armtools/bin/../lib/gcc/arm-atollic-eabi/6.3.1/armv7e-m/crtn.o
                0x08003330                . = ALIGN (0x8)
                0x08003330                _etext = .

.vfp11_veneer   0x08003330        0x0
 .vfp11_veneer  0x08003330        0x0 linker stubs

.v4_bx          0x08003330        0x0
 .v4_bx         0x08003330        0x0 linker stubs

.iplt           0x08003330        0x0
 .iplt          0x08003330        0x0 c:/program files (x86)/atollic/truestudio for stm32 9.0.0/armtools/bin/../lib/gcc/arm-atollic-eabi/6.3.1/armv7e-m/crtbegin.o

.rodata         0x08003330       0x60
                0x08003330                . = ALIGN (0x8)
 *(.rodata)
 .rodata        0x08003330        0x6 Application\User\main.o
 .rodata        0x08003336        0x8 Application\User\sensor_service.o
 *fill*         0x0800333e        0x2 
 .rodata        0x08003340       0x48 Drivers\CMSIS\system_stm32l4xx.o
                0x08003340                MSIRangeTable
                0x08003370                AHBPrescTable
                0x08003380                APBPrescTable
 *(.rodata*)
 .rodata.str1.1
                0x08003388        0x8 Application\User\main.o
                0x08003390                . = ALIGN (0x8)

.ARM.extab      0x08003390        0x0
                0x08003390                . = ALIGN (0x8)
 *(.ARM.extab* .gnu.linkonce.armextab.*)
                0x08003390                . = ALIGN (0x8)

.ARM            0x08003390        0x8
                0x08003390                . = ALIGN (0x8)
                0x08003390                __exidx_start = .
 *(.ARM.exidx*)
 .ARM.exidx     0x08003390        0x8 c:/program files (x86)/atollic/truestudio for stm32 9.0.0/armtools/bin/../lib/gcc/arm-atollic-eabi/6.3.1/armv7e-m\libgcc.a(_udivmoddi4.o)
                0x08003398                __exidx_end = .
                0x08003398                . = ALIGN (0x8)

.rel.dyn        0x08003398        0x0
 .rel.iplt      0x08003398        0x0 c:/program files (x86)/atollic/truestudio for stm32 9.0.0/armtools/bin/../lib/gcc/arm-atollic-eabi/6.3.1/armv7e-m/crtbegin.o

.preinit_array  0x08003398        0x0
                0x08003398                . = ALIGN (0x8)
                0x08003398                PROVIDE (__preinit_array_start, .)
 *(.preinit_array*)
                0x08003398                PROVIDE (__preinit_array_end, .)
                0x08003398                . = ALIGN (0x8)

.init_array     0x08003398        0x8
                0x08003398                . = ALIGN (0x8)
                0x08003398                PROVIDE (__init_array_start, .)
 *(SORT(.init_array.*))
 *(.init_array*)
 .init_array    0x08003398        0x4 c:/program files (x86)/atollic/truestudio for stm32 9.0.0/armtools/bin/../lib/gcc/arm-atollic-eabi/6.3.1/armv7e-m/crtbegin.o
                0x0800339c                PROVIDE (__init_array_end, .)
                0x080033a0                . = ALIGN (0x8)
 *fill*         0x0800339c        0x4 

.fini_array     0x080033a0        0x8
                0x080033a0                . = ALIGN (0x8)
                [!provide]                PROVIDE (__fini_array_start, .)
 *(SORT(.fini_array.*))
 *(.fini_array*)
 .fini_array    0x080033a0        0x4 c:/program files (x86)/atollic/truestudio for stm32 9.0.0/armtools/bin/../lib/gcc/arm-atollic-eabi/6.3.1/armv7e-m/crtbegin.o
                [!provide]                PROVIDE (__fini_array_end, .)
                0x080033a8                . = ALIGN (0x8)
 *fill*         0x080033a4        0x4 
                0x080033a8                _sidata = LOADADDR (.data)

.data           0x20000000       0x80 load address 0x080033a8
                0x20000000                . = ALIGN (0x8)
                0x20000000                _sdata = .
 *(.data)
 .data          0x20000000        0x8 Application\User\sensor_service.o
                0x20000000                set_connectable
                0x20000004                previousMinuteValue
 .data          0x20000008        0xc Drivers\BSP\STM32L4xx_Nucleo\stm32l4xx_nucleo.o
                0x20000008                hnucleo_SpixTimeout
                0x2000000c                GPIO_PORT
                0x20000010                BUTTON_PORT
 .data          0x20000014        0x4 Drivers\CMSIS\system_stm32l4xx.o
                0x20000014                SystemCoreClock
 *(.data*)
 .data._impure_ptr
                0x20000018        0x4 c:/program files (x86)/atollic/truestudio for stm32 9.0.0/armtools/bin/../lib/gcc/arm-atollic-eabi/6.3.1/../../../../arm-atollic-eabi/lib/armv7e-m\libc_nano.a(lib_a-impure.o)
                0x20000018                _impure_ptr
 .data.impure_data
                0x2000001c       0x60 c:/program files (x86)/atollic/truestudio for stm32 9.0.0/armtools/bin/../lib/gcc/arm-atollic-eabi/6.3.1/../../../../arm-atollic-eabi/lib/armv7e-m\libc_nano.a(lib_a-impure.o)
                0x20000080                . = ALIGN (0x8)
 *fill*         0x2000007c        0x4 
                0x20000080                _edata = .

.igot.plt       0x20000080        0x0 load address 0x08003428
 .igot.plt      0x20000080        0x0 c:/program files (x86)/atollic/truestudio for stm32 9.0.0/armtools/bin/../lib/gcc/arm-atollic-eabi/6.3.1/armv7e-m/crtbegin.o
                0x20000080                . = ALIGN (0x4)

.bss            0x20000080      0x3ac load address 0x08003428
                0x20000080                _sbss = .
                0x20000080                __bss_start__ = _sbss
 *(.bss)
 .bss           0x20000080       0x1c c:/program files (x86)/atollic/truestudio for stm32 9.0.0/armtools/bin/../lib/gcc/arm-atollic-eabi/6.3.1/armv7e-m/crtbegin.o
 .bss           0x2000009c        0x1 Application\User\main.o
                0x2000009c                bnrg_expansion_board
 *fill*         0x2000009d        0x3 
 .bss           0x200000a0       0x15 Application\User\sensor_service.o
                0x200000a0                connected
                0x200000a4                connection_handle
                0x200000a6                notification_enabled
                0x200000a8                axes_data
                0x200000b4                ledState
 *fill*         0x200000b5        0x3 
 .bss           0x200000b8        0x5 Application\User\stm32xx_it.o
                0x200000b8                ms_counter
                0x200000bc                button_event
 *fill*         0x200000bd        0x3 
 .bss           0x200000c0      0x2c1 Middlewares\STM32_BlueNRG\HCI\hci.o
 *(.bss*)
 *fill*         0x20000381        0x3 
 .bss.__malloc_free_list
                0x20000384        0x4 c:/program files (x86)/atollic/truestudio for stm32 9.0.0/armtools/bin/../lib/gcc/arm-atollic-eabi/6.3.1/../../../../arm-atollic-eabi/lib/armv7e-m\libc_nano.a(lib_a-nano-mallocr.o)
                0x20000384                __malloc_free_list
 .bss.__malloc_sbrk_start
                0x20000388        0x4 c:/program files (x86)/atollic/truestudio for stm32 9.0.0/armtools/bin/../lib/gcc/arm-atollic-eabi/6.3.1/../../../../arm-atollic-eabi/lib/armv7e-m\libc_nano.a(lib_a-nano-mallocr.o)
                0x20000388                __malloc_sbrk_start
 .bss.heap_end.4116
                0x2000038c        0x4 c:/program files (x86)/atollic/truestudio for stm32 9.0.0/armtools/bin/../lib/gcc/arm-atollic-eabi/6.3.1/../../../../arm-atollic-eabi/lib/armv7e-m\libnosys.a(sbrk.o)
 *(COMMON)
 COMMON         0x20000390       0x1e Application\User\sensor_service.o
                0x20000390                freeFallCharHandle
                0x20000392                envSensServHandle
                0x20000394                humidityCharHandle
                0x20000396                secondsCharHandle
                0x20000398                pressCharHandle
                0x2000039a                tempCharHandle
                0x2000039c                minuteCharHandle
                0x2000039e                ledButtonCharHandle
                0x200003a0                accServHandle
                0x200003a2                accCharHandle
                0x200003a4                TXCharHandle
                0x200003a6                sampleServHandle
                0x200003a8                ledServHandle
                0x200003aa                timeServHandle
                0x200003ac                RXCharHandle
 *fill*         0x200003ae        0x2 
 COMMON         0x200003b0       0x64 Drivers\BSP\X-NUCLEO-IDB0xA1\stm32_bluenrg_ble.o
                0x200003b0                SpiHandle
 COMMON         0x20000414        0x4 Drivers\STM32L4xx_HAL_Driver\stm32l4xx_hal.o
                0x20000414                uwTick
 COMMON         0x20000418       0x10 Middlewares\STM32_BlueNRG\HCI\hci.o
                0x20000418                hciReadPktPool
                0x20000420                hciReadPktRxQueue
 COMMON         0x20000428        0x4 c:/program files (x86)/atollic/truestudio for stm32 9.0.0/armtools/bin/../lib/gcc/arm-atollic-eabi/6.3.1/../../../../arm-atollic-eabi/lib/armv7e-m\libc_nano.a(lib_a-reent.o)
                0x20000428                errno
                0x2000042c                . = ALIGN (0x4)
                0x2000042c                _ebss = .
                0x2000042c                __bss_end__ = _ebss

._user_heap_stack
                0x2000042c      0x404 load address 0x08003428
                0x20000430                . = ALIGN (0x8)
 *fill*         0x2000042c        0x4 
                0x20000430                PROVIDE (end, .)
                [!provide]                PROVIDE (_end, .)
                0x20000430                . = (. + _Min_Heap_Size)
                0x20000830                . = (. + _Min_Stack_Size)
 *fill*         0x20000430      0x400 
                0x20000830                . = ALIGN (0x8)

/DISCARD/
 libc.a(*)
 libm.a(*)
 libgcc.a(*)

.ARM.attributes
                0x00000000       0x2a
 *(.ARM.attributes)
 .ARM.attributes
                0x00000000       0x1e c:/program files (x86)/atollic/truestudio for stm32 9.0.0/armtools/bin/../lib/gcc/arm-atollic-eabi/6.3.1/armv7e-m/crti.o
 .ARM.attributes
                0x0000001e       0x2e c:/program files (x86)/atollic/truestudio for stm32 9.0.0/armtools/bin/../lib/gcc/arm-atollic-eabi/6.3.1/armv7e-m/crtbegin.o
 .ARM.attributes
                0x0000004c       0x21 Application\SW4STM32\startup_stm32l476xx.o
 .ARM.attributes
                0x0000006d       0x33 Application\User\bluenrg_interface.o
 .ARM.attributes
                0x000000a0       0x33 Application\User\cube_hal_l4.o
 .ARM.attributes
                0x000000d3       0x33 Application\User\main.o
 .ARM.attributes
                0x00000106       0x33 Application\User\sensor_service.o
 .ARM.attributes
                0x00000139       0x33 Application\User\stm32l4xx_hal_msp.o
 .ARM.attributes
                0x0000016c       0x33 Application\User\stm32xx_it.o
 .ARM.attributes
                0x0000019f       0x33 Drivers\BSP\STM32L4xx_Nucleo\stm32l4xx_nucleo.o
 .ARM.attributes
                0x000001d2       0x33 Drivers\BSP\X-NUCLEO-IDB0xA1\stm32_bluenrg_ble.o
 .ARM.attributes
                0x00000205       0x33 Drivers\CMSIS\system_stm32l4xx.o
 .ARM.attributes
                0x00000238       0x33 Drivers\STM32L4xx_HAL_Driver\stm32l4xx_hal.o
 .ARM.attributes
                0x0000026b       0x33 Drivers\STM32L4xx_HAL_Driver\stm32l4xx_hal_cortex.o
 .ARM.attributes
                0x0000029e       0x33 Drivers\STM32L4xx_HAL_Driver\stm32l4xx_hal_gpio.o
 .ARM.attributes
                0x000002d1       0x33 Drivers\STM32L4xx_HAL_Driver\stm32l4xx_hal_pwr_ex.o
 .ARM.attributes
                0x00000304       0x33 Drivers\STM32L4xx_HAL_Driver\stm32l4xx_hal_rcc.o
 .ARM.attributes
                0x00000337       0x33 Drivers\STM32L4xx_HAL_Driver\stm32l4xx_hal_spi.o
 .ARM.attributes
                0x0000036a       0x33 Middlewares\STM32_BlueNRG\HCI\controller\bluenrg_gap_aci.o
 .ARM.attributes
                0x0000039d       0x33 Middlewares\STM32_BlueNRG\HCI\controller\bluenrg_gatt_aci.o
 .ARM.attributes
                0x000003d0       0x33 Middlewares\STM32_BlueNRG\HCI\controller\bluenrg_hal_aci.o
 .ARM.attributes
                0x00000403       0x33 Middlewares\STM32_BlueNRG\HCI\controller\bluenrg_utils_small.o
 .ARM.attributes
                0x00000436       0x33 Middlewares\STM32_BlueNRG\HCI\hci.o
 .ARM.attributes
                0x00000469       0x33 Middlewares\STM32_BlueNRG\HCI\hci_le.o
 .ARM.attributes
                0x0000049c       0x33 Middlewares\STM32_BlueNRG\Utils\ble_list.o
 .ARM.attributes
                0x000004cf       0x33 Middlewares\STM32_BlueNRG\Utils\gp_timer.o
 .ARM.attributes
                0x00000502       0x33 Middlewares\STM32_BlueNRG\Utils\osal.o
 .ARM.attributes
                0x00000535       0x2e c:/program files (x86)/atollic/truestudio for stm32 9.0.0/armtools/bin/../lib/gcc/arm-atollic-eabi/6.3.1/../../../../arm-atollic-eabi/lib/armv7e-m\libc_nano.a(lib_a-init.o)
 .ARM.attributes
                0x00000563       0x2e c:/program files (x86)/atollic/truestudio for stm32 9.0.0/armtools/bin/../lib/gcc/arm-atollic-eabi/6.3.1/../../../../arm-atollic-eabi/lib/armv7e-m\libc_nano.a(lib_a-memcpy-stub.o)
 .ARM.attributes
                0x00000591       0x2e c:/program files (x86)/atollic/truestudio for stm32 9.0.0/armtools/bin/../lib/gcc/arm-atollic-eabi/6.3.1/../../../../arm-atollic-eabi/lib/armv7e-m\libc_nano.a(lib_a-memset.o)
 .ARM.attributes
                0x000005bf       0x2e c:/program files (x86)/atollic/truestudio for stm32 9.0.0/armtools/bin/../lib/gcc/arm-atollic-eabi/6.3.1/../../../../arm-atollic-eabi/lib/armv7e-m\libc_nano.a(lib_a-rand.o)
 .ARM.attributes
                0x000005ed       0x2e c:/program files (x86)/atollic/truestudio for stm32 9.0.0/armtools/bin/../lib/gcc/arm-atollic-eabi/6.3.1/../../../../arm-atollic-eabi/lib/armv7e-m\libc_nano.a(lib_a-impure.o)
 .ARM.attributes
                0x0000061b       0x2e c:/program files (x86)/atollic/truestudio for stm32 9.0.0/armtools/bin/../lib/gcc/arm-atollic-eabi/6.3.1/../../../../arm-atollic-eabi/lib/armv7e-m\libc_nano.a(lib_a-malloc.o)
 .ARM.attributes
                0x00000649       0x2e c:/program files (x86)/atollic/truestudio for stm32 9.0.0/armtools/bin/../lib/gcc/arm-atollic-eabi/6.3.1/../../../../arm-atollic-eabi/lib/armv7e-m\libc_nano.a(lib_a-nano-mallocr.o)
 .ARM.attributes
                0x00000677       0x2e c:/program files (x86)/atollic/truestudio for stm32 9.0.0/armtools/bin/../lib/gcc/arm-atollic-eabi/6.3.1/../../../../arm-atollic-eabi/lib/armv7e-m\libc_nano.a(lib_a-sbrkr.o)
 .ARM.attributes
                0x000006a5       0x2e c:/program files (x86)/atollic/truestudio for stm32 9.0.0/armtools/bin/../lib/gcc/arm-atollic-eabi/6.3.1/../../../../arm-atollic-eabi/lib/armv7e-m\libc_nano.a(lib_a-mlock.o)
 .ARM.attributes
                0x000006d3       0x2e c:/program files (x86)/atollic/truestudio for stm32 9.0.0/armtools/bin/../lib/gcc/arm-atollic-eabi/6.3.1/../../../../arm-atollic-eabi/lib/armv7e-m\libc_nano.a(lib_a-reent.o)
 .ARM.attributes
                0x00000701       0x1e c:/program files (x86)/atollic/truestudio for stm32 9.0.0/armtools/bin/../lib/gcc/arm-atollic-eabi/6.3.1/armv7e-m\libgcc.a(_aeabi_uldivmod.o)
 .ARM.attributes
                0x0000071f       0x2e c:/program files (x86)/atollic/truestudio for stm32 9.0.0/armtools/bin/../lib/gcc/arm-atollic-eabi/6.3.1/armv7e-m\libgcc.a(_udivmoddi4.o)
 .ARM.attributes
                0x0000074d       0x1e c:/program files (x86)/atollic/truestudio for stm32 9.0.0/armtools/bin/../lib/gcc/arm-atollic-eabi/6.3.1/armv7e-m\libgcc.a(_dvmd_tls.o)
 .ARM.attributes
                0x0000076b       0x2e c:/program files (x86)/atollic/truestudio for stm32 9.0.0/armtools/bin/../lib/gcc/arm-atollic-eabi/6.3.1/../../../../arm-atollic-eabi/lib/armv7e-m\libnosys.a(sbrk.o)
 .ARM.attributes
                0x00000799       0x1e c:/program files (x86)/atollic/truestudio for stm32 9.0.0/armtools/bin/../lib/gcc/arm-atollic-eabi/6.3.1/armv7e-m/crtn.o
OUTPUT(SensorDemo.elf elf32-littlearm)

.debug_line     0x00000000     0x8fcf
 .debug_line    0x00000000       0x7a Application\SW4STM32\startup_stm32l476xx.o
 .debug_line    0x0000007a      0x3d6 Application\User\bluenrg_interface.o
 .debug_line    0x00000450      0x341 Application\User\cube_hal_l4.o
 .debug_line    0x00000791      0x5b1 Application\User\main.o
 .debug_line    0x00000d42      0x7e5 Application\User\sensor_service.o
 .debug_line    0x00001527      0x3d0 Application\User\stm32l4xx_hal_msp.o
 .debug_line    0x000018f7      0x3ba Application\User\stm32xx_it.o
 .debug_line    0x00001cb1      0x756 Drivers\BSP\STM32L4xx_Nucleo\stm32l4xx_nucleo.o
 .debug_line    0x00002407      0x5d5 Drivers\BSP\X-NUCLEO-IDB0xA1\stm32_bluenrg_ble.o
 .debug_line    0x000029dc      0x311 Drivers\CMSIS\system_stm32l4xx.o
 .debug_line    0x00002ced      0x59c Drivers\STM32L4xx_HAL_Driver\stm32l4xx_hal.o
 .debug_line    0x00003289      0x586 Drivers\STM32L4xx_HAL_Driver\stm32l4xx_hal_cortex.o
 .debug_line    0x0000380f      0x52d Drivers\STM32L4xx_HAL_Driver\stm32l4xx_hal_gpio.o
 .debug_line    0x00003d3c      0x725 Drivers\STM32L4xx_HAL_Driver\stm32l4xx_hal_pwr_ex.o
 .debug_line    0x00004461      0x6fa Drivers\STM32L4xx_HAL_Driver\stm32l4xx_hal_rcc.o
 .debug_line    0x00004b5b      0xdbc Drivers\STM32L4xx_HAL_Driver\stm32l4xx_hal_spi.o
 .debug_line    0x00005917      0xa28 Middlewares\STM32_BlueNRG\HCI\controller\bluenrg_gap_aci.o
 .debug_line    0x0000633f      0xad9 Middlewares\STM32_BlueNRG\HCI\controller\bluenrg_gatt_aci.o
 .debug_line    0x00006e18      0x505 Middlewares\STM32_BlueNRG\HCI\controller\bluenrg_hal_aci.o
 .debug_line    0x0000731d      0x39a Middlewares\STM32_BlueNRG\HCI\controller\bluenrg_utils_small.o
 .debug_line    0x000076b7      0x67b Middlewares\STM32_BlueNRG\HCI\hci.o
 .debug_line    0x00007d32      0x7dc Middlewares\STM32_BlueNRG\HCI\hci_le.o
 .debug_line    0x0000850e      0x51c Middlewares\STM32_BlueNRG\Utils\ble_list.o
 .debug_line    0x00008a2a      0x418 Middlewares\STM32_BlueNRG\Utils\gp_timer.o
 .debug_line    0x00008e42      0x18d Middlewares\STM32_BlueNRG\Utils\osal.o

.debug_info     0x00000000    0x239e4
 .debug_info    0x00000000       0xcd Application\SW4STM32\startup_stm32l476xx.o
 .debug_info    0x000000cd      0xe7c Application\User\bluenrg_interface.o
 .debug_info    0x00000f49      0xb80 Application\User\cube_hal_l4.o
 .debug_info    0x00001ac9      0xff2 Application\User\main.o
 .debug_info    0x00002abb     0x1ac0 Application\User\sensor_service.o
 .debug_info    0x0000457b     0x1576 Application\User\stm32l4xx_hal_msp.o
 .debug_info    0x00005af1      0xede Application\User\stm32xx_it.o
 .debug_info    0x000069cf     0x2994 Drivers\BSP\STM32L4xx_Nucleo\stm32l4xx_nucleo.o
 .debug_info    0x00009363     0x192f Drivers\BSP\X-NUCLEO-IDB0xA1\stm32_bluenrg_ble.o
 .debug_info    0x0000ac92      0xdce Drivers\CMSIS\system_stm32l4xx.o
 .debug_info    0x0000ba60     0x12fa Drivers\STM32L4xx_HAL_Driver\stm32l4xx_hal.o
 .debug_info    0x0000cd5a     0x176c Drivers\STM32L4xx_HAL_Driver\stm32l4xx_hal_cortex.o
 .debug_info    0x0000e4c6     0x107a Drivers\STM32L4xx_HAL_Driver\stm32l4xx_hal_gpio.o
 .debug_info    0x0000f540     0x129a Drivers\STM32L4xx_HAL_Driver\stm32l4xx_hal_pwr_ex.o
 .debug_info    0x000107da     0x15be Drivers\STM32L4xx_HAL_Driver\stm32l4xx_hal_rcc.o
 .debug_info    0x00011d98     0x2808 Drivers\STM32L4xx_HAL_Driver\stm32l4xx_hal_spi.o
 .debug_info    0x000145a0     0x3961 Middlewares\STM32_BlueNRG\HCI\controller\bluenrg_gap_aci.o
 .debug_info    0x00017f01     0x3b8b Middlewares\STM32_BlueNRG\HCI\controller\bluenrg_gatt_aci.o
 .debug_info    0x0001ba8c     0x11d9 Middlewares\STM32_BlueNRG\HCI\controller\bluenrg_hal_aci.o
 .debug_info    0x0001cc65      0xbe6 Middlewares\STM32_BlueNRG\HCI\controller\bluenrg_utils_small.o
 .debug_info    0x0001d84b     0x14f5 Middlewares\STM32_BlueNRG\HCI\hci.o
 .debug_info    0x0001ed40     0x2942 Middlewares\STM32_BlueNRG\HCI\hci_le.o
 .debug_info    0x00021682      0xfc8 Middlewares\STM32_BlueNRG\Utils\ble_list.o
 .debug_info    0x0002264a      0xa86 Middlewares\STM32_BlueNRG\Utils\gp_timer.o
 .debug_info    0x000230d0      0x914 Middlewares\STM32_BlueNRG\Utils\osal.o

.debug_abbrev   0x00000000     0x3da6
 .debug_abbrev  0x00000000       0x12 Application\SW4STM32\startup_stm32l476xx.o
 .debug_abbrev  0x00000012      0x1cd Application\User\bluenrg_interface.o
 .debug_abbrev  0x000001df      0x1e3 Application\User\cube_hal_l4.o
 .debug_abbrev  0x000003c2      0x26f Application\User\main.o
 .debug_abbrev  0x00000631      0x3a0 Application\User\sensor_service.o
 .debug_abbrev  0x000009d1      0x20f Application\User\stm32l4xx_hal_msp.o
 .debug_abbrev  0x00000be0      0x239 Application\User\stm32xx_it.o
 .debug_abbrev  0x00000e19      0x3dc Drivers\BSP\STM32L4xx_Nucleo\stm32l4xx_nucleo.o
 .debug_abbrev  0x000011f5      0x355 Drivers\BSP\X-NUCLEO-IDB0xA1\stm32_bluenrg_ble.o
 .debug_abbrev  0x0000154a      0x1eb Drivers\CMSIS\system_stm32l4xx.o
 .debug_abbrev  0x00001735      0x2c9 Drivers\STM32L4xx_HAL_Driver\stm32l4xx_hal.o
 .debug_abbrev  0x000019fe      0x37d Drivers\STM32L4xx_HAL_Driver\stm32l4xx_hal_cortex.o
 .debug_abbrev  0x00001d7b      0x268 Drivers\STM32L4xx_HAL_Driver\stm32l4xx_hal_gpio.o
 .debug_abbrev  0x00001fe3      0x2c7 Drivers\STM32L4xx_HAL_Driver\stm32l4xx_hal_pwr_ex.o
 .debug_abbrev  0x000022aa      0x2d2 Drivers\STM32L4xx_HAL_Driver\stm32l4xx_hal_rcc.o
 .debug_abbrev  0x0000257c      0x389 Drivers\STM32L4xx_HAL_Driver\stm32l4xx_hal_spi.o
 .debug_abbrev  0x00002905      0x274 Middlewares\STM32_BlueNRG\HCI\controller\bluenrg_gap_aci.o
 .debug_abbrev  0x00002b79      0x26a Middlewares\STM32_BlueNRG\HCI\controller\bluenrg_gatt_aci.o
 .debug_abbrev  0x00002de3      0x227 Middlewares\STM32_BlueNRG\HCI\controller\bluenrg_hal_aci.o
 .debug_abbrev  0x0000300a      0x1cf Middlewares\STM32_BlueNRG\HCI\controller\bluenrg_utils_small.o
 .debug_abbrev  0x000031d9      0x365 Middlewares\STM32_BlueNRG\HCI\hci.o
 .debug_abbrev  0x0000353e      0x265 Middlewares\STM32_BlueNRG\HCI\hci_le.o
 .debug_abbrev  0x000037a3      0x28e Middlewares\STM32_BlueNRG\Utils\ble_list.o
 .debug_abbrev  0x00003a31      0x1ee Middlewares\STM32_BlueNRG\Utils\gp_timer.o
 .debug_abbrev  0x00003c1f      0x187 Middlewares\STM32_BlueNRG\Utils\osal.o

.debug_aranges  0x00000000      0xe38
 .debug_aranges
                0x00000000       0x28 Application\SW4STM32\startup_stm32l476xx.o
 .debug_aranges
                0x00000028       0x20 Application\User\bluenrg_interface.o
 .debug_aranges
                0x00000048       0x20 Application\User\cube_hal_l4.o
 .debug_aranges
                0x00000068       0x28 Application\User\main.o
 .debug_aranges
                0x00000090       0xa8 Application\User\sensor_service.o
 .debug_aranges
                0x00000138       0x20 Application\User\stm32l4xx_hal_msp.o
 .debug_aranges
                0x00000158       0x40 Application\User\stm32xx_it.o
 .debug_aranges
                0x00000198       0xc8 Drivers\BSP\STM32L4xx_Nucleo\stm32l4xx_nucleo.o
 .debug_aranges
                0x00000260       0x88 Drivers\BSP\X-NUCLEO-IDB0xA1\stm32_bluenrg_ble.o
 .debug_aranges
                0x000002e8       0x28 Drivers\CMSIS\system_stm32l4xx.o
 .debug_aranges
                0x00000310      0x110 Drivers\STM32L4xx_HAL_Driver\stm32l4xx_hal.o
 .debug_aranges
                0x00000420       0xa8 Drivers\STM32L4xx_HAL_Driver\stm32l4xx_hal_cortex.o
 .debug_aranges
                0x000004c8       0x58 Drivers\STM32L4xx_HAL_Driver\stm32l4xx_hal_gpio.o
 .debug_aranges
                0x00000520      0x130 Drivers\STM32L4xx_HAL_Driver\stm32l4xx_hal_pwr_ex.o
 .debug_aranges
                0x00000650       0x88 Drivers\STM32L4xx_HAL_Driver\stm32l4xx_hal_rcc.o
 .debug_aranges
                0x000006d8      0x198 Drivers\STM32L4xx_HAL_Driver\stm32l4xx_hal_spi.o
 .debug_aranges
                0x00000870      0x168 Middlewares\STM32_BlueNRG\HCI\controller\bluenrg_gap_aci.o
 .debug_aranges
                0x000009d8      0x178 Middlewares\STM32_BlueNRG\HCI\controller\bluenrg_gatt_aci.o
 .debug_aranges
                0x00000b50       0x68 Middlewares\STM32_BlueNRG\HCI\controller\bluenrg_hal_aci.o
 .debug_aranges
                0x00000bb8       0x20 Middlewares\STM32_BlueNRG\HCI\controller\bluenrg_utils_small.o
 .debug_aranges
                0x00000bd8       0x70 Middlewares\STM32_BlueNRG\HCI\hci.o
 .debug_aranges
                0x00000c48      0x110 Middlewares\STM32_BlueNRG\HCI\hci_le.o
 .debug_aranges
                0x00000d58       0x78 Middlewares\STM32_BlueNRG\Utils\ble_list.o
 .debug_aranges
                0x00000dd0       0x40 Middlewares\STM32_BlueNRG\Utils\gp_timer.o
 .debug_aranges
                0x00000e10       0x28 Middlewares\STM32_BlueNRG\Utils\osal.o

.debug_ranges   0x00000000     0x10d8
 .debug_ranges  0x00000000       0x20 Application\SW4STM32\startup_stm32l476xx.o
 .debug_ranges  0x00000020       0x10 Application\User\bluenrg_interface.o
 .debug_ranges  0x00000030       0x10 Application\User\cube_hal_l4.o
 .debug_ranges  0x00000040       0x30 Application\User\main.o
 .debug_ranges  0x00000070       0xc8 Application\User\sensor_service.o
 .debug_ranges  0x00000138       0x50 Application\User\stm32l4xx_hal_msp.o
 .debug_ranges  0x00000188       0x30 Application\User\stm32xx_it.o
 .debug_ranges  0x000001b8      0x260 Drivers\BSP\STM32L4xx_Nucleo\stm32l4xx_nucleo.o
 .debug_ranges  0x00000418       0x90 Drivers\BSP\X-NUCLEO-IDB0xA1\stm32_bluenrg_ble.o
 .debug_ranges  0x000004a8       0x18 Drivers\CMSIS\system_stm32l4xx.o
 .debug_ranges  0x000004c0      0x100 Drivers\STM32L4xx_HAL_Driver\stm32l4xx_hal.o
 .debug_ranges  0x000005c0      0x138 Drivers\STM32L4xx_HAL_Driver\stm32l4xx_hal_cortex.o
 .debug_ranges  0x000006f8       0x68 Drivers\STM32L4xx_HAL_Driver\stm32l4xx_hal_gpio.o
 .debug_ranges  0x00000760      0x120 Drivers\STM32L4xx_HAL_Driver\stm32l4xx_hal_pwr_ex.o
 .debug_ranges  0x00000880       0x90 Drivers\STM32L4xx_HAL_Driver\stm32l4xx_hal_rcc.o
 .debug_ranges  0x00000910      0x248 Drivers\STM32L4xx_HAL_Driver\stm32l4xx_hal_spi.o
 .debug_ranges  0x00000b58      0x158 Middlewares\STM32_BlueNRG\HCI\controller\bluenrg_gap_aci.o
 .debug_ranges  0x00000cb0      0x168 Middlewares\STM32_BlueNRG\HCI\controller\bluenrg_gatt_aci.o
 .debug_ranges  0x00000e18       0x58 Middlewares\STM32_BlueNRG\HCI\controller\bluenrg_hal_aci.o
 .debug_ranges  0x00000e70       0x10 Middlewares\STM32_BlueNRG\HCI\controller\bluenrg_utils_small.o
 .debug_ranges  0x00000e80       0xa8 Middlewares\STM32_BlueNRG\HCI\hci.o
 .debug_ranges  0x00000f28      0x100 Middlewares\STM32_BlueNRG\HCI\hci_le.o
 .debug_ranges  0x00001028       0x68 Middlewares\STM32_BlueNRG\Utils\ble_list.o
 .debug_ranges  0x00001090       0x30 Middlewares\STM32_BlueNRG\Utils\gp_timer.o
 .debug_ranges  0x000010c0       0x18 Middlewares\STM32_BlueNRG\Utils\osal.o

.debug_loc      0x00000000     0x8fa2
 .debug_loc     0x00000000       0x21 Application\User\bluenrg_interface.o
 .debug_loc     0x00000021       0xa4 Application\User\main.o
 .debug_loc     0x000000c5      0x715 Application\User\sensor_service.o
 .debug_loc     0x000007da       0x21 Application\User\stm32l4xx_hal_msp.o
 .debug_loc     0x000007fb      0x506 Drivers\BSP\STM32L4xx_Nucleo\stm32l4xx_nucleo.o
 .debug_loc     0x00000d01      0x21b Drivers\BSP\X-NUCLEO-IDB0xA1\stm32_bluenrg_ble.o
 .debug_loc     0x00000f1c      0x1be Drivers\CMSIS\system_stm32l4xx.o
 .debug_loc     0x000010da       0xf8 Drivers\STM32L4xx_HAL_Driver\stm32l4xx_hal.o
 .debug_loc     0x000011d2      0x4fb Drivers\STM32L4xx_HAL_Driver\stm32l4xx_hal_cortex.o
 .debug_loc     0x000016cd      0x2cd Drivers\STM32L4xx_HAL_Driver\stm32l4xx_hal_gpio.o
 .debug_loc     0x0000199a      0x5ad Drivers\STM32L4xx_HAL_Driver\stm32l4xx_hal_pwr_ex.o
 .debug_loc     0x00001f47      0x5ac Drivers\STM32L4xx_HAL_Driver\stm32l4xx_hal_rcc.o
 .debug_loc     0x000024f3     0x1888 Drivers\STM32L4xx_HAL_Driver\stm32l4xx_hal_spi.o
 .debug_loc     0x00003d7b     0x1c88 Middlewares\STM32_BlueNRG\HCI\controller\bluenrg_gap_aci.o
 .debug_loc     0x00005a03     0x2426 Middlewares\STM32_BlueNRG\HCI\controller\bluenrg_gatt_aci.o
 .debug_loc     0x00007e29      0x2cb Middlewares\STM32_BlueNRG\HCI\controller\bluenrg_hal_aci.o
 .debug_loc     0x000080f4       0x3c Middlewares\STM32_BlueNRG\HCI\controller\bluenrg_utils_small.o
 .debug_loc     0x00008130      0x593 Middlewares\STM32_BlueNRG\HCI\hci.o
 .debug_loc     0x000086c3      0x72b Middlewares\STM32_BlueNRG\HCI\hci_le.o
 .debug_loc     0x00008dee       0xfd Middlewares\STM32_BlueNRG\Utils\ble_list.o
 .debug_loc     0x00008eeb       0xb7 Middlewares\STM32_BlueNRG\Utils\gp_timer.o

.debug_str      0x00000000     0x6589
 .debug_str     0x00000000      0x9be Application\User\bluenrg_interface.o
                                0xabe (size before relaxing)
 .debug_str     0x000009be      0x1cd Application\User\cube_hal_l4.o
                                0x819 (size before relaxing)
 .debug_str     0x00000b8b      0x3c3 Application\User\main.o
                                0xa9c (size before relaxing)
 .debug_str     0x00000f4e      0x4b7 Application\User\sensor_service.o
                                0xdb2 (size before relaxing)
 .debug_str     0x00001405      0x72c Application\User\stm32l4xx_hal_msp.o
                               0x1163 (size before relaxing)
 .debug_str     0x00001b31       0xda Application\User\stm32xx_it.o
                                0xb0c (size before relaxing)
 .debug_str     0x00001c0b      0x987 Drivers\BSP\STM32L4xx_Nucleo\stm32l4xx_nucleo.o
                               0x1ba3 (size before relaxing)
 .debug_str     0x00002592      0x249 Drivers\BSP\X-NUCLEO-IDB0xA1\stm32_bluenrg_ble.o
                               0x12c6 (size before relaxing)
 .debug_str     0x000027db       0xbc Drivers\CMSIS\system_stm32l4xx.o
                                0x857 (size before relaxing)
 .debug_str     0x00002897      0x3e2 Drivers\STM32L4xx_HAL_Driver\stm32l4xx_hal.o
                               0x1105 (size before relaxing)
 .debug_str     0x00002c79      0x334 Drivers\STM32L4xx_HAL_Driver\stm32l4xx_hal_cortex.o
                               0x10c0 (size before relaxing)
 .debug_str     0x00002fad       0x90 Drivers\STM32L4xx_HAL_Driver\stm32l4xx_hal_gpio.o
                                0xa1b (size before relaxing)
 .debug_str     0x0000303d      0x54f Drivers\STM32L4xx_HAL_Driver\stm32l4xx_hal_pwr_ex.o
                                0xcab (size before relaxing)
 .debug_str     0x0000358c      0x206 Drivers\STM32L4xx_HAL_Driver\stm32l4xx_hal_rcc.o
                                0xccf (size before relaxing)
 .debug_str     0x00003792      0x534 Drivers\STM32L4xx_HAL_Driver\stm32l4xx_hal_spi.o
                               0x102f (size before relaxing)
 .debug_str     0x00003cc6      0xd90 Middlewares\STM32_BlueNRG\HCI\controller\bluenrg_gap_aci.o
                               0x196e (size before relaxing)
 .debug_str     0x00004a56      0xc23 Middlewares\STM32_BlueNRG\HCI\controller\bluenrg_gatt_aci.o
                               0x17d4 (size before relaxing)
 .debug_str     0x00005679      0x23d Middlewares\STM32_BlueNRG\HCI\controller\bluenrg_hal_aci.o
                                0xaa2 (size before relaxing)
 .debug_str     0x000058b6       0xd4 Middlewares\STM32_BlueNRG\HCI\controller\bluenrg_utils_small.o
                                0x8a5 (size before relaxing)
 .debug_str     0x0000598a      0x224 Middlewares\STM32_BlueNRG\HCI\hci.o
                                0xae1 (size before relaxing)
 .debug_str     0x00005bae      0x74b Middlewares\STM32_BlueNRG\HCI\hci_le.o
                               0x12e8 (size before relaxing)
 .debug_str     0x000062f9      0x11d Middlewares\STM32_BlueNRG\Utils\ble_list.o
                                0x80d (size before relaxing)
 .debug_str     0x00006416       0x87 Middlewares\STM32_BlueNRG\Utils\gp_timer.o
                                0x717 (size before relaxing)
 .debug_str     0x0000649d       0xec Middlewares\STM32_BlueNRG\Utils\osal.o
                                0x649 (size before relaxing)

.comment        0x00000000       0x7c
 .comment       0x00000000       0x7c Application\User\bluenrg_interface.o
                                 0x7d (size before relaxing)
 .comment       0x0000007c       0x7d Application\User\cube_hal_l4.o
 .comment       0x0000007c       0x7d Application\User\main.o
 .comment       0x0000007c       0x7d Application\User\sensor_service.o
 .comment       0x0000007c       0x7d Application\User\stm32l4xx_hal_msp.o
 .comment       0x0000007c       0x7d Application\User\stm32xx_it.o
 .comment       0x0000007c       0x7d Drivers\BSP\STM32L4xx_Nucleo\stm32l4xx_nucleo.o
 .comment       0x0000007c       0x7d Drivers\BSP\X-NUCLEO-IDB0xA1\stm32_bluenrg_ble.o
 .comment       0x0000007c       0x7d Drivers\CMSIS\system_stm32l4xx.o
 .comment       0x0000007c       0x7d Drivers\STM32L4xx_HAL_Driver\stm32l4xx_hal.o
 .comment       0x0000007c       0x7d Drivers\STM32L4xx_HAL_Driver\stm32l4xx_hal_cortex.o
 .comment       0x0000007c       0x7d Drivers\STM32L4xx_HAL_Driver\stm32l4xx_hal_gpio.o
 .comment       0x0000007c       0x7d Drivers\STM32L4xx_HAL_Driver\stm32l4xx_hal_pwr_ex.o
 .comment       0x0000007c       0x7d Drivers\STM32L4xx_HAL_Driver\stm32l4xx_hal_rcc.o
 .comment       0x0000007c       0x7d Drivers\STM32L4xx_HAL_Driver\stm32l4xx_hal_spi.o
 .comment       0x0000007c       0x7d Middlewares\STM32_BlueNRG\HCI\controller\bluenrg_gap_aci.o
 .comment       0x0000007c       0x7d Middlewares\STM32_BlueNRG\HCI\controller\bluenrg_gatt_aci.o
 .comment       0x0000007c       0x7d Middlewares\STM32_BlueNRG\HCI\controller\bluenrg_hal_aci.o
 .comment       0x0000007c       0x7d Middlewares\STM32_BlueNRG\HCI\controller\bluenrg_utils_small.o
 .comment       0x0000007c       0x7d Middlewares\STM32_BlueNRG\HCI\hci.o
 .comment       0x0000007c       0x7d Middlewares\STM32_BlueNRG\HCI\hci_le.o
 .comment       0x0000007c       0x7d Middlewares\STM32_BlueNRG\Utils\ble_list.o
 .comment       0x0000007c       0x7d Middlewares\STM32_BlueNRG\Utils\gp_timer.o
 .comment       0x0000007c       0x7d Middlewares\STM32_BlueNRG\Utils\osal.o

.debug_frame    0x00000000     0x2b78
 .debug_frame   0x00000000       0x20 Application\User\bluenrg_interface.o
 .debug_frame   0x00000020       0x30 Application\User\cube_hal_l4.o
 .debug_frame   0x00000050       0x54 Application\User\main.o
 .debug_frame   0x000000a4      0x208 Application\User\sensor_service.o
 .debug_frame   0x000002ac       0x38 Application\User\stm32l4xx_hal_msp.o
 .debug_frame   0x000002e4       0xa0 Application\User\stm32xx_it.o
 .debug_frame   0x00000384      0x268 Drivers\BSP\STM32L4xx_Nucleo\stm32l4xx_nucleo.o
 .debug_frame   0x000005ec      0x178 Drivers\BSP\X-NUCLEO-IDB0xA1\stm32_bluenrg_ble.o
 .debug_frame   0x00000764       0x3c Drivers\CMSIS\system_stm32l4xx.o
 .debug_frame   0x000007a0      0x240 Drivers\STM32L4xx_HAL_Driver\stm32l4xx_hal.o
 .debug_frame   0x000009e0      0x158 Drivers\STM32L4xx_HAL_Driver\stm32l4xx_hal_cortex.o
 .debug_frame   0x00000b38       0xdc Drivers\STM32L4xx_HAL_Driver\stm32l4xx_hal_gpio.o
 .debug_frame   0x00000c14      0x278 Drivers\STM32L4xx_HAL_Driver\stm32l4xx_hal_pwr_ex.o
 .debug_frame   0x00000e8c      0x15c Drivers\STM32L4xx_HAL_Driver\stm32l4xx_hal_rcc.o
 .debug_frame   0x00000fe8      0x5bc Drivers\STM32L4xx_HAL_Driver\stm32l4xx_hal_spi.o
 .debug_frame   0x000015a4      0x534 Middlewares\STM32_BlueNRG\HCI\controller\bluenrg_gap_aci.o
 .debug_frame   0x00001ad8      0x5ac Middlewares\STM32_BlueNRG\HCI\controller\bluenrg_gatt_aci.o
 .debug_frame   0x00002084      0x154 Middlewares\STM32_BlueNRG\HCI\controller\bluenrg_hal_aci.o
 .debug_frame   0x000021d8       0x30 Middlewares\STM32_BlueNRG\HCI\controller\bluenrg_utils_small.o
 .debug_frame   0x00002208      0x128 Middlewares\STM32_BlueNRG\HCI\hci.o
 .debug_frame   0x00002330      0x43c Middlewares\STM32_BlueNRG\HCI\hci_le.o
 .debug_frame   0x0000276c       0xe8 Middlewares\STM32_BlueNRG\Utils\ble_list.o
 .debug_frame   0x00002854       0x80 Middlewares\STM32_BlueNRG\Utils\gp_timer.o
 .debug_frame   0x000028d4       0x58 Middlewares\STM32_BlueNRG\Utils\osal.o
 .debug_frame   0x0000292c       0x2c c:/program files (x86)/atollic/truestudio for stm32 9.0.0/armtools/bin/../lib/gcc/arm-atollic-eabi/6.3.1/../../../../arm-atollic-eabi/lib/armv7e-m\libc_nano.a(lib_a-init.o)
 .debug_frame   0x00002958       0x28 c:/program files (x86)/atollic/truestudio for stm32 9.0.0/armtools/bin/../lib/gcc/arm-atollic-eabi/6.3.1/../../../../arm-atollic-eabi/lib/armv7e-m\libc_nano.a(lib_a-memcpy-stub.o)
 .debug_frame   0x00002980       0x20 c:/program files (x86)/atollic/truestudio for stm32 9.0.0/armtools/bin/../lib/gcc/arm-atollic-eabi/6.3.1/../../../../arm-atollic-eabi/lib/armv7e-m\libc_nano.a(lib_a-memset.o)
 .debug_frame   0x000029a0       0x44 c:/program files (x86)/atollic/truestudio for stm32 9.0.0/armtools/bin/../lib/gcc/arm-atollic-eabi/6.3.1/../../../../arm-atollic-eabi/lib/armv7e-m\libc_nano.a(lib_a-rand.o)
 .debug_frame   0x000029e4       0x30 c:/program files (x86)/atollic/truestudio for stm32 9.0.0/armtools/bin/../lib/gcc/arm-atollic-eabi/6.3.1/../../../../arm-atollic-eabi/lib/armv7e-m\libc_nano.a(lib_a-malloc.o)
 .debug_frame   0x00002a14       0x2c c:/program files (x86)/atollic/truestudio for stm32 9.0.0/armtools/bin/../lib/gcc/arm-atollic-eabi/6.3.1/../../../../arm-atollic-eabi/lib/armv7e-m\libc_nano.a(lib_a-nano-mallocr.o)
 .debug_frame   0x00002a40       0x2c c:/program files (x86)/atollic/truestudio for stm32 9.0.0/armtools/bin/../lib/gcc/arm-atollic-eabi/6.3.1/../../../../arm-atollic-eabi/lib/armv7e-m\libc_nano.a(lib_a-sbrkr.o)
 .debug_frame   0x00002a6c       0x30 c:/program files (x86)/atollic/truestudio for stm32 9.0.0/armtools/bin/../lib/gcc/arm-atollic-eabi/6.3.1/../../../../arm-atollic-eabi/lib/armv7e-m\libc_nano.a(lib_a-mlock.o)
 .debug_frame   0x00002a9c       0x5c c:/program files (x86)/atollic/truestudio for stm32 9.0.0/armtools/bin/../lib/gcc/arm-atollic-eabi/6.3.1/../../../../arm-atollic-eabi/lib/armv7e-m\libc_nano.a(lib_a-reent.o)
 .debug_frame   0x00002af8       0x2c c:/program files (x86)/atollic/truestudio for stm32 9.0.0/armtools/bin/../lib/gcc/arm-atollic-eabi/6.3.1/armv7e-m\libgcc.a(_aeabi_uldivmod.o)
 .debug_frame   0x00002b24       0x34 c:/program files (x86)/atollic/truestudio for stm32 9.0.0/armtools/bin/../lib/gcc/arm-atollic-eabi/6.3.1/armv7e-m\libgcc.a(_udivmoddi4.o)
 .debug_frame   0x00002b58       0x20 c:/program files (x86)/atollic/truestudio for stm32 9.0.0/armtools/bin/../lib/gcc/arm-atollic-eabi/6.3.1/../../../../arm-atollic-eabi/lib/armv7e-m\libnosys.a(sbrk.o)

Cross Reference Table

Symbol                                            File
ADC1_2_IRQHandler                                 Application\SW4STM32\startup_stm32l476xx.o
ADC3_IRQHandler                                   Application\SW4STM32\startup_stm32l476xx.o
ADC_ConversionStop                                Drivers\STM32L4xx_HAL_Driver\stm32l4xx_hal_adc.o
                                                  Drivers\STM32L4xx_HAL_Driver\stm32l4xx_hal_adc_ex.o
ADC_DMAConvCplt                                   Drivers\STM32L4xx_HAL_Driver\stm32l4xx_hal_adc.o
                                                  Drivers\STM32L4xx_HAL_Driver\stm32l4xx_hal_adc_ex.o
ADC_DMAError                                      Drivers\STM32L4xx_HAL_Driver\stm32l4xx_hal_adc.o
                                                  Drivers\STM32L4xx_HAL_Driver\stm32l4xx_hal_adc_ex.o
ADC_DMAHalfConvCplt                               Drivers\STM32L4xx_HAL_Driver\stm32l4xx_hal_adc.o
                                                  Drivers\STM32L4xx_HAL_Driver\stm32l4xx_hal_adc_ex.o
ADC_Disable                                       Drivers\STM32L4xx_HAL_Driver\stm32l4xx_hal_adc.o
                                                  Drivers\STM32L4xx_HAL_Driver\stm32l4xx_hal_adc_ex.o
ADC_Enable                                        Drivers\STM32L4xx_HAL_Driver\stm32l4xx_hal_adc.o
                                                  Drivers\STM32L4xx_HAL_Driver\stm32l4xx_hal_adc_ex.o
AHBPrescTable                                     Drivers\CMSIS\system_stm32l4xx.o
                                                  Drivers\STM32L4xx_HAL_Driver\stm32l4xx_hal_rcc.o
APBPrescTable                                     Drivers\CMSIS\system_stm32l4xx.o
                                                  Drivers\STM32L4xx_HAL_Driver\stm32l4xx_hal_rcc.o
Acc_Update                                        Application\User\sensor_service.o
                                                  Application\User\main.o
Add_Acc_Service                                   Application\User\sensor_service.o
                                                  Application\User\main.o
Add_Environmental_Sensor_Service                  Application\User\sensor_service.o
                                                  Application\User\main.o
Add_LED_Service                                   Application\User\sensor_service.o
                                                  Application\User\main.o
Add_Time_Service                                  Application\User\sensor_service.o
                                                  Application\User\main.o
Attribute_Modified_CB                             Application\User\sensor_service.o
BNRG_SPI_Init                                     Drivers\BSP\X-NUCLEO-IDB0xA1\stm32_bluenrg_ble.o
                                                  Application\User\main.o
BSP_GetVersion                                    Drivers\BSP\STM32L4xx_Nucleo\stm32l4xx_nucleo.o
BSP_JOY_DeInit                                    Drivers\BSP\STM32L4xx_Nucleo\stm32l4xx_nucleo.o
BSP_JOY_GetState                                  Drivers\BSP\STM32L4xx_Nucleo\stm32l4xx_nucleo.o
BSP_JOY_Init                                      Drivers\BSP\STM32L4xx_Nucleo\stm32l4xx_nucleo.o
BSP_LED_DeInit                                    Drivers\BSP\STM32L4xx_Nucleo\stm32l4xx_nucleo.o
BSP_LED_Init                                      Drivers\BSP\STM32L4xx_Nucleo\stm32l4xx_nucleo.o
                                                  Application\User\main.o
BSP_LED_Off                                       Drivers\BSP\STM32L4xx_Nucleo\stm32l4xx_nucleo.o
BSP_LED_On                                        Drivers\BSP\STM32L4xx_Nucleo\stm32l4xx_nucleo.o
BSP_LED_Toggle                                    Drivers\BSP\STM32L4xx_Nucleo\stm32l4xx_nucleo.o
                                                  Application\User\sensor_service.o
BSP_PB_DeInit                                     Drivers\BSP\STM32L4xx_Nucleo\stm32l4xx_nucleo.o
BSP_PB_GetState                                   Drivers\BSP\STM32L4xx_Nucleo\stm32l4xx_nucleo.o
                                                  Application\User\main.o
BSP_PB_Init                                       Drivers\BSP\STM32L4xx_Nucleo\stm32l4xx_nucleo.o
                                                  Application\User\main.o
BUTTON_IRQn                                       Drivers\BSP\STM32L4xx_Nucleo\stm32l4xx_nucleo.o
BUTTON_PIN                                        Drivers\BSP\STM32L4xx_Nucleo\stm32l4xx_nucleo.o
BUTTON_PORT                                       Drivers\BSP\STM32L4xx_Nucleo\stm32l4xx_nucleo.o
BlueNRG_DataPresent                               Drivers\BSP\X-NUCLEO-IDB0xA1\stm32_bluenrg_ble.o
                                                  Middlewares\STM32_BlueNRG\HCI\hci.o
BlueNRG_HW_Bootloader                             Drivers\BSP\X-NUCLEO-IDB0xA1\stm32_bluenrg_ble.o
BlueNRG_RST                                       Drivers\BSP\X-NUCLEO-IDB0xA1\stm32_bluenrg_ble.o
                                                  Application\User\main.o
BlueNRG_SPI_Read_All                              Drivers\BSP\X-NUCLEO-IDB0xA1\stm32_bluenrg_ble.o
                                                  Middlewares\STM32_BlueNRG\HCI\hci.o
BlueNRG_SPI_Write                                 Drivers\BSP\X-NUCLEO-IDB0xA1\stm32_bluenrg_ble.o
BusFault_Handler                                  Application\SW4STM32\startup_stm32l476xx.o
CAN1_RX0_IRQHandler                               Application\SW4STM32\startup_stm32l476xx.o
CAN1_RX1_IRQHandler                               Application\SW4STM32\startup_stm32l476xx.o
CAN1_SCE_IRQHandler                               Application\SW4STM32\startup_stm32l476xx.o
CAN1_TX_IRQHandler                                Application\SW4STM32\startup_stm32l476xx.o
COMP_IRQHandler                                   Application\SW4STM32\startup_stm32l476xx.o
Clear_SPI_EXTI_Flag                               Drivers\BSP\X-NUCLEO-IDB0xA1\stm32_bluenrg_ble.o
                                                  Middlewares\STM32_BlueNRG\HCI\hci.o
Clear_SPI_IRQ                                     Drivers\BSP\X-NUCLEO-IDB0xA1\stm32_bluenrg_ble.o
DFSDM1_FLT0_IRQHandler                            Application\SW4STM32\startup_stm32l476xx.o
DFSDM1_FLT1_IRQHandler                            Application\SW4STM32\startup_stm32l476xx.o
DFSDM1_FLT2_IRQHandler                            Application\SW4STM32\startup_stm32l476xx.o
DFSDM1_FLT3_IRQHandler                            Application\SW4STM32\startup_stm32l476xx.o
DMA1_Channel1_IRQHandler                          Application\SW4STM32\startup_stm32l476xx.o
DMA1_Channel2_IRQHandler                          Application\SW4STM32\startup_stm32l476xx.o
DMA1_Channel3_IRQHandler                          Application\SW4STM32\startup_stm32l476xx.o
DMA1_Channel4_IRQHandler                          Application\SW4STM32\startup_stm32l476xx.o
DMA1_Channel5_IRQHandler                          Application\SW4STM32\startup_stm32l476xx.o
DMA1_Channel6_IRQHandler                          Application\SW4STM32\startup_stm32l476xx.o
DMA1_Channel7_IRQHandler                          Application\SW4STM32\startup_stm32l476xx.o
DMA2_Channel1_IRQHandler                          Application\SW4STM32\startup_stm32l476xx.o
DMA2_Channel2_IRQHandler                          Application\SW4STM32\startup_stm32l476xx.o
DMA2_Channel3_IRQHandler                          Application\SW4STM32\startup_stm32l476xx.o
DMA2_Channel4_IRQHandler                          Application\SW4STM32\startup_stm32l476xx.o
DMA2_Channel5_IRQHandler                          Application\SW4STM32\startup_stm32l476xx.o
DMA2_Channel6_IRQHandler                          Application\SW4STM32\startup_stm32l476xx.o
DMA2_Channel7_IRQHandler                          Application\SW4STM32\startup_stm32l476xx.o
DebugMon_Handler                                  Application\User\stm32xx_it.o
                                                  Application\SW4STM32\startup_stm32l476xx.o
Default_Handler                                   Application\SW4STM32\startup_stm32l476xx.o
Disable_SPI_IRQ                                   Drivers\BSP\X-NUCLEO-IDB0xA1\stm32_bluenrg_ble.o
                                                  Middlewares\STM32_BlueNRG\HCI\hci.o
EXTI0_IRQHandler                                  Application\User\stm32xx_it.o
                                                  Application\SW4STM32\startup_stm32l476xx.o
EXTI15_10_IRQHandler                              Application\User\stm32xx_it.o
                                                  Application\SW4STM32\startup_stm32l476xx.o
EXTI1_IRQHandler                                  Application\SW4STM32\startup_stm32l476xx.o
EXTI2_IRQHandler                                  Application\SW4STM32\startup_stm32l476xx.o
EXTI3_IRQHandler                                  Application\SW4STM32\startup_stm32l476xx.o
EXTI4_IRQHandler                                  Application\SW4STM32\startup_stm32l476xx.o
EXTI9_5_IRQHandler                                Application\SW4STM32\startup_stm32l476xx.o
Enable_SPI_IRQ                                    Drivers\BSP\X-NUCLEO-IDB0xA1\stm32_bluenrg_ble.o
                                                  Middlewares\STM32_BlueNRG\HCI\hci.o
FLASH_FlushCaches                                 Drivers\STM32L4xx_HAL_Driver\stm32l4xx_hal_flash_ex.o
                                                  Drivers\STM32L4xx_HAL_Driver\stm32l4xx_hal_flash.o
FLASH_IRQHandler                                  Application\SW4STM32\startup_stm32l476xx.o
FLASH_PageErase                                   Drivers\STM32L4xx_HAL_Driver\stm32l4xx_hal_flash_ex.o
                                                  Drivers\STM32L4xx_HAL_Driver\stm32l4xx_hal_flash.o
FLASH_WaitForLastOperation                        Drivers\STM32L4xx_HAL_Driver\stm32l4xx_hal_flash.o
                                                  Drivers\STM32L4xx_HAL_Driver\stm32l4xx_hal_flash_ex.o
FMC_IRQHandler                                    Application\SW4STM32\startup_stm32l476xx.o
FPU_IRQHandler                                    Application\SW4STM32\startup_stm32l476xx.o
Free_Fall_Notify                                  Application\User\sensor_service.o
GAP_ConnectionComplete_CB                         Application\User\sensor_service.o
GAP_DisconnectionComplete_CB                      Application\User\sensor_service.o
GPIO_PIN                                          Drivers\BSP\STM32L4xx_Nucleo\stm32l4xx_nucleo.o
GPIO_PORT                                         Drivers\BSP\STM32L4xx_Nucleo\stm32l4xx_nucleo.o
HAL_ADCEx_Calibration_GetValue                    Drivers\STM32L4xx_HAL_Driver\stm32l4xx_hal_adc_ex.o
HAL_ADCEx_Calibration_SetValue                    Drivers\STM32L4xx_HAL_Driver\stm32l4xx_hal_adc_ex.o
HAL_ADCEx_Calibration_Start                       Drivers\STM32L4xx_HAL_Driver\stm32l4xx_hal_adc_ex.o
                                                  Drivers\BSP\STM32L4xx_Nucleo\stm32l4xx_nucleo.o
HAL_ADCEx_DisableInjectedQueue                    Drivers\STM32L4xx_HAL_Driver\stm32l4xx_hal_adc_ex.o
HAL_ADCEx_DisableVoltageRegulator                 Drivers\STM32L4xx_HAL_Driver\stm32l4xx_hal_adc_ex.o
HAL_ADCEx_EnableInjectedQueue                     Drivers\STM32L4xx_HAL_Driver\stm32l4xx_hal_adc_ex.o
HAL_ADCEx_EndOfSamplingCallback                   Drivers\STM32L4xx_HAL_Driver\stm32l4xx_hal_adc_ex.o
                                                  Drivers\STM32L4xx_HAL_Driver\stm32l4xx_hal_adc.o
HAL_ADCEx_EnterADCDeepPowerDownMode               Drivers\STM32L4xx_HAL_Driver\stm32l4xx_hal_adc_ex.o
HAL_ADCEx_InjectedConfigChannel                   Drivers\STM32L4xx_HAL_Driver\stm32l4xx_hal_adc_ex.o
HAL_ADCEx_InjectedConvCpltCallback                Drivers\STM32L4xx_HAL_Driver\stm32l4xx_hal_adc_ex.o
                                                  Drivers\STM32L4xx_HAL_Driver\stm32l4xx_hal_adc.o
HAL_ADCEx_InjectedGetValue                        Drivers\STM32L4xx_HAL_Driver\stm32l4xx_hal_adc_ex.o
HAL_ADCEx_InjectedPollForConversion               Drivers\STM32L4xx_HAL_Driver\stm32l4xx_hal_adc_ex.o
HAL_ADCEx_InjectedQueueOverflowCallback           Drivers\STM32L4xx_HAL_Driver\stm32l4xx_hal_adc_ex.o
                                                  Drivers\STM32L4xx_HAL_Driver\stm32l4xx_hal_adc.o
HAL_ADCEx_InjectedStart                           Drivers\STM32L4xx_HAL_Driver\stm32l4xx_hal_adc_ex.o
HAL_ADCEx_InjectedStart_IT                        Drivers\STM32L4xx_HAL_Driver\stm32l4xx_hal_adc_ex.o
HAL_ADCEx_InjectedStop                            Drivers\STM32L4xx_HAL_Driver\stm32l4xx_hal_adc_ex.o
HAL_ADCEx_InjectedStop_IT                         Drivers\STM32L4xx_HAL_Driver\stm32l4xx_hal_adc_ex.o
HAL_ADCEx_LevelOutOfWindow2Callback               Drivers\STM32L4xx_HAL_Driver\stm32l4xx_hal_adc_ex.o
                                                  Drivers\STM32L4xx_HAL_Driver\stm32l4xx_hal_adc.o
HAL_ADCEx_LevelOutOfWindow3Callback               Drivers\STM32L4xx_HAL_Driver\stm32l4xx_hal_adc_ex.o
                                                  Drivers\STM32L4xx_HAL_Driver\stm32l4xx_hal_adc.o
HAL_ADCEx_MultiModeConfigChannel                  Drivers\STM32L4xx_HAL_Driver\stm32l4xx_hal_adc_ex.o
HAL_ADCEx_MultiModeGetValue                       Drivers\STM32L4xx_HAL_Driver\stm32l4xx_hal_adc_ex.o
HAL_ADCEx_MultiModeStart_DMA                      Drivers\STM32L4xx_HAL_Driver\stm32l4xx_hal_adc_ex.o
HAL_ADCEx_MultiModeStop_DMA                       Drivers\STM32L4xx_HAL_Driver\stm32l4xx_hal_adc_ex.o
HAL_ADCEx_RegularMultiModeStop_DMA                Drivers\STM32L4xx_HAL_Driver\stm32l4xx_hal_adc_ex.o
HAL_ADCEx_RegularStop                             Drivers\STM32L4xx_HAL_Driver\stm32l4xx_hal_adc_ex.o
HAL_ADCEx_RegularStop_DMA                         Drivers\STM32L4xx_HAL_Driver\stm32l4xx_hal_adc_ex.o
HAL_ADCEx_RegularStop_IT                          Drivers\STM32L4xx_HAL_Driver\stm32l4xx_hal_adc_ex.o
HAL_ADC_AnalogWDGConfig                           Drivers\STM32L4xx_HAL_Driver\stm32l4xx_hal_adc.o
HAL_ADC_ConfigChannel                             Drivers\STM32L4xx_HAL_Driver\stm32l4xx_hal_adc.o
                                                  Drivers\BSP\STM32L4xx_Nucleo\stm32l4xx_nucleo.o
HAL_ADC_ConvCpltCallback                          Drivers\STM32L4xx_HAL_Driver\stm32l4xx_hal_adc.o
HAL_ADC_ConvHalfCpltCallback                      Drivers\STM32L4xx_HAL_Driver\stm32l4xx_hal_adc.o
HAL_ADC_DeInit                                    Drivers\STM32L4xx_HAL_Driver\stm32l4xx_hal_adc.o
                                                  Drivers\BSP\STM32L4xx_Nucleo\stm32l4xx_nucleo.o
HAL_ADC_ErrorCallback                             Drivers\STM32L4xx_HAL_Driver\stm32l4xx_hal_adc.o
HAL_ADC_GetError                                  Drivers\STM32L4xx_HAL_Driver\stm32l4xx_hal_adc.o
HAL_ADC_GetState                                  Drivers\STM32L4xx_HAL_Driver\stm32l4xx_hal_adc.o
                                                  Drivers\BSP\STM32L4xx_Nucleo\stm32l4xx_nucleo.o
HAL_ADC_GetValue                                  Drivers\STM32L4xx_HAL_Driver\stm32l4xx_hal_adc.o
                                                  Drivers\BSP\STM32L4xx_Nucleo\stm32l4xx_nucleo.o
HAL_ADC_IRQHandler                                Drivers\STM32L4xx_HAL_Driver\stm32l4xx_hal_adc.o
HAL_ADC_Init                                      Drivers\STM32L4xx_HAL_Driver\stm32l4xx_hal_adc.o
                                                  Drivers\BSP\STM32L4xx_Nucleo\stm32l4xx_nucleo.o
HAL_ADC_LevelOutOfWindowCallback                  Drivers\STM32L4xx_HAL_Driver\stm32l4xx_hal_adc.o
HAL_ADC_MspDeInit                                 Drivers\STM32L4xx_HAL_Driver\stm32l4xx_hal_adc.o
HAL_ADC_MspInit                                   Drivers\STM32L4xx_HAL_Driver\stm32l4xx_hal_adc.o
HAL_ADC_PollForConversion                         Drivers\STM32L4xx_HAL_Driver\stm32l4xx_hal_adc.o
                                                  Drivers\BSP\STM32L4xx_Nucleo\stm32l4xx_nucleo.o
HAL_ADC_PollForEvent                              Drivers\STM32L4xx_HAL_Driver\stm32l4xx_hal_adc.o
HAL_ADC_Start                                     Drivers\STM32L4xx_HAL_Driver\stm32l4xx_hal_adc.o
                                                  Drivers\BSP\STM32L4xx_Nucleo\stm32l4xx_nucleo.o
HAL_ADC_Start_DMA                                 Drivers\STM32L4xx_HAL_Driver\stm32l4xx_hal_adc.o
HAL_ADC_Start_IT                                  Drivers\STM32L4xx_HAL_Driver\stm32l4xx_hal_adc.o
HAL_ADC_Stop                                      Drivers\STM32L4xx_HAL_Driver\stm32l4xx_hal_adc.o
HAL_ADC_Stop_DMA                                  Drivers\STM32L4xx_HAL_Driver\stm32l4xx_hal_adc.o
HAL_ADC_Stop_IT                                   Drivers\STM32L4xx_HAL_Driver\stm32l4xx_hal_adc.o
HAL_DBGMCU_DisableDBGSleepMode                    Drivers\STM32L4xx_HAL_Driver\stm32l4xx_hal.o
HAL_DBGMCU_DisableDBGStandbyMode                  Drivers\STM32L4xx_HAL_Driver\stm32l4xx_hal.o
HAL_DBGMCU_DisableDBGStopMode                     Drivers\STM32L4xx_HAL_Driver\stm32l4xx_hal.o
HAL_DBGMCU_EnableDBGSleepMode                     Drivers\STM32L4xx_HAL_Driver\stm32l4xx_hal.o
HAL_DBGMCU_EnableDBGStandbyMode                   Drivers\STM32L4xx_HAL_Driver\stm32l4xx_hal.o
HAL_DBGMCU_EnableDBGStopMode                      Drivers\STM32L4xx_HAL_Driver\stm32l4xx_hal.o
HAL_DMA_Abort                                     Drivers\STM32L4xx_HAL_Driver\stm32l4xx_hal_dma.o
                                                  Drivers\STM32L4xx_HAL_Driver\stm32l4xx_hal_spi.o
                                                  Drivers\STM32L4xx_HAL_Driver\stm32l4xx_hal_adc_ex.o
                                                  Drivers\STM32L4xx_HAL_Driver\stm32l4xx_hal_adc.o
HAL_DMA_Abort_IT                                  Drivers\STM32L4xx_HAL_Driver\stm32l4xx_hal_dma.o
                                                  Drivers\STM32L4xx_HAL_Driver\stm32l4xx_hal_spi.o
HAL_DMA_DeInit                                    Drivers\STM32L4xx_HAL_Driver\stm32l4xx_hal_dma.o
HAL_DMA_GetError                                  Drivers\STM32L4xx_HAL_Driver\stm32l4xx_hal_dma.o
HAL_DMA_GetState                                  Drivers\STM32L4xx_HAL_Driver\stm32l4xx_hal_dma.o
HAL_DMA_IRQHandler                                Drivers\STM32L4xx_HAL_Driver\stm32l4xx_hal_dma.o
HAL_DMA_Init                                      Drivers\STM32L4xx_HAL_Driver\stm32l4xx_hal_dma.o
HAL_DMA_PollForTransfer                           Drivers\STM32L4xx_HAL_Driver\stm32l4xx_hal_dma.o
HAL_DMA_RegisterCallback                          Drivers\STM32L4xx_HAL_Driver\stm32l4xx_hal_dma.o
HAL_DMA_Start                                     Drivers\STM32L4xx_HAL_Driver\stm32l4xx_hal_dma.o
HAL_DMA_Start_IT                                  Drivers\STM32L4xx_HAL_Driver\stm32l4xx_hal_dma.o
                                                  Drivers\STM32L4xx_HAL_Driver\stm32l4xx_hal_spi.o
                                                  Drivers\STM32L4xx_HAL_Driver\stm32l4xx_hal_adc_ex.o
                                                  Drivers\STM32L4xx_HAL_Driver\stm32l4xx_hal_adc.o
HAL_DMA_UnRegisterCallback                        Drivers\STM32L4xx_HAL_Driver\stm32l4xx_hal_dma.o
HAL_DeInit                                        Drivers\STM32L4xx_HAL_Driver\stm32l4xx_hal.o
HAL_Delay                                         Drivers\STM32L4xx_HAL_Driver\stm32l4xx_hal.o
                                                  Drivers\BSP\X-NUCLEO-IDB0xA1\stm32_bluenrg_ble.o
                                                  Drivers\BSP\STM32L4xx_Nucleo\stm32l4xx_nucleo.o
HAL_FLASHEx_Erase                                 Drivers\STM32L4xx_HAL_Driver\stm32l4xx_hal_flash_ex.o
HAL_FLASHEx_Erase_IT                              Drivers\STM32L4xx_HAL_Driver\stm32l4xx_hal_flash_ex.o
HAL_FLASHEx_OBGetConfig                           Drivers\STM32L4xx_HAL_Driver\stm32l4xx_hal_flash_ex.o
HAL_FLASHEx_OBProgram                             Drivers\STM32L4xx_HAL_Driver\stm32l4xx_hal_flash_ex.o
HAL_FLASH_EndOfOperationCallback                  Drivers\STM32L4xx_HAL_Driver\stm32l4xx_hal_flash.o
HAL_FLASH_GetError                                Drivers\STM32L4xx_HAL_Driver\stm32l4xx_hal_flash.o
HAL_FLASH_IRQHandler                              Drivers\STM32L4xx_HAL_Driver\stm32l4xx_hal_flash.o
HAL_FLASH_Lock                                    Drivers\STM32L4xx_HAL_Driver\stm32l4xx_hal_flash.o
HAL_FLASH_OB_Launch                               Drivers\STM32L4xx_HAL_Driver\stm32l4xx_hal_flash.o
HAL_FLASH_OB_Lock                                 Drivers\STM32L4xx_HAL_Driver\stm32l4xx_hal_flash.o
HAL_FLASH_OB_Unlock                               Drivers\STM32L4xx_HAL_Driver\stm32l4xx_hal_flash.o
HAL_FLASH_OperationErrorCallback                  Drivers\STM32L4xx_HAL_Driver\stm32l4xx_hal_flash.o
HAL_FLASH_Program                                 Drivers\STM32L4xx_HAL_Driver\stm32l4xx_hal_flash.o
HAL_FLASH_Program_IT                              Drivers\STM32L4xx_HAL_Driver\stm32l4xx_hal_flash.o
HAL_FLASH_Unlock                                  Drivers\STM32L4xx_HAL_Driver\stm32l4xx_hal_flash.o
HAL_GPIO_DeInit                                   Drivers\STM32L4xx_HAL_Driver\stm32l4xx_hal_gpio.o
                                                  Drivers\BSP\STM32L4xx_Nucleo\stm32l4xx_nucleo.o
HAL_GPIO_EXTI_Callback                            Application\User\bluenrg_interface.o
HAL_GPIO_EXTI_IRQHandler                          Drivers\STM32L4xx_HAL_Driver\stm32l4xx_hal_gpio.o
                                                  Application\User\stm32xx_it.o
HAL_GPIO_Init                                     Drivers\STM32L4xx_HAL_Driver\stm32l4xx_hal_gpio.o
                                                  Drivers\STM32L4xx_HAL_Driver\stm32l4xx_hal_rcc_ex.o
                                                  Drivers\STM32L4xx_HAL_Driver\stm32l4xx_hal_rcc.o
                                                  Drivers\BSP\X-NUCLEO-IDB0xA1\stm32_bluenrg_ble.o
                                                  Drivers\BSP\STM32L4xx_Nucleo\stm32l4xx_nucleo.o
                                                  Application\User\stm32l4xx_hal_msp.o
HAL_GPIO_LockPin                                  Drivers\STM32L4xx_HAL_Driver\stm32l4xx_hal_gpio.o
HAL_GPIO_ReadPin                                  Drivers\STM32L4xx_HAL_Driver\stm32l4xx_hal_gpio.o