stm32l4xx_nucleo.c:731:13:SPIx_Init	56	static
stm32l4xx_nucleo.c:789:13:SPIx_Write	32	static
stm32l4xx_nucleo.c:178:10:BSP_GetVersion	0	static
stm32l4xx_nucleo.c:194:6:BSP_LED_Init	32	static
stm32l4xx_nucleo.c:217:6:BSP_LED_DeInit	8	static
stm32l4xx_nucleo.c:235:6:BSP_LED_On	0	static
stm32l4xx_nucleo.c:247:6:BSP_LED_Off	0	static
stm32l4xx_nucleo.c:259:6:BSP_LED_Toggle	0	static
stm32l4xx_nucleo.c:283:6:BSP_PB_Init	40	static
stm32l4xx_nucleo.c:322:6:BSP_PB_DeInit	8	static
stm32l4xx_nucleo.c:337:10:BSP_PB_GetState	8	static
stm32l4xx_nucleo.c:348:9:BSP_JOY_Init	184	static
stm32l4xx_nucleo.c:371:6:BSP_JOY_DeInit	8	static
stm32l4xx_nucleo.c:388:18:BSP_JOY_GetState	8	static
stm32l4xx_nucleo.c:871:6:SD_IO_CSState	0	static
stm32l4xx_nucleo.c:890:6:SD_IO_WriteReadData	16	static
stm32l4xx_nucleo.c:901:9:SD_IO_WriteByte	32	static
stm32l4xx_nucleo.c:827:6:SD_IO_Init	48	static
stm32l4xx_nucleo.c:915:6:LCD_IO_Init	48	static
stm32l4xx_nucleo.c:946:6:LCD_IO_WriteReg	16	static
stm32l4xx_nucleo.c:967:6:LCD_IO_WriteMultipleData	24	static
stm32l4xx_nucleo.c:1023:6:LCD_Delay	0	static
